---
http_interactions:
- request:
    method: post
    uri: https://www.googleapis.com/oauth2/v4/token
    body:
      encoding: ASCII-8BIT
      string: grant_type=refresh_token&refresh_token=<REFRESH TOKEN FOR TRACKING ACCOUNT>&client_id=<CLIENT
        ID>&client_secret=<CLIENT SECRET>
    headers:
      User-Agent:
      - Faraday v0.14.0
      Content-Type:
      - application/x-www-form-urlencoded
      Accept-Encoding:
      - gzip;q=1.0,deflate;q=0.6,identity;q=0.3
      Accept:
      - "*/*"
  response:
    status:
      code: 200
      message: OK
    headers:
      Content-Type:
      - application/json; charset=utf-8
      Vary:
      - Origin
      - Referer
      - X-Origin
      Date:
      - Thu, 18 Oct 2018 11:04:57 GMT
      Server:
      - ESF
      Cache-Control:
      - private
      X-Xss-Protection:
      - 1; mode=block
      X-Frame-Options:
      - SAMEORIGIN
      X-Content-Type-Options:
      - nosniff
      Alt-Svc:
      - quic=":443"; ma=2592000; v="44,43,39,35"
      Transfer-Encoding:
      - chunked
    body:
      encoding: UTF-8
      string: |-
        {
          "access_token": "<ACCESS TOKEN FOR TRACKING ACCOUNT>",
          "expires_in": 3600,
          "scope": "https://www.googleapis.com/auth/drive",
          "token_type": "Bearer"
        }
    http_version: 
  recorded_at: Thu, 18 Oct 2018 11:04:57 GMT
- request:
    method: post
    uri: https://www.googleapis.com/oauth2/v4/token
    body:
      encoding: ASCII-8BIT
      string: grant_type=refresh_token&refresh_token=<REFRESH TOKEN FOR USER ACCOUNT>&client_id=<CLIENT
        ID>&client_secret=<CLIENT SECRET>
    headers:
      User-Agent:
      - Faraday v0.14.0
      Content-Type:
      - application/x-www-form-urlencoded
      Accept-Encoding:
      - gzip;q=1.0,deflate;q=0.6,identity;q=0.3
      Accept:
      - "*/*"
  response:
    status:
      code: 200
      message: OK
    headers:
      Content-Type:
      - application/json; charset=utf-8
      Vary:
      - Origin
      - Referer
      - X-Origin
      Date:
      - Thu, 18 Oct 2018 11:04:57 GMT
      Server:
      - ESF
      Cache-Control:
      - private
      X-Xss-Protection:
      - 1; mode=block
      X-Frame-Options:
      - SAMEORIGIN
      X-Content-Type-Options:
      - nosniff
      Alt-Svc:
      - quic=":443"; ma=2592000; v="44,43,39,35"
      Transfer-Encoding:
      - chunked
    body:
      encoding: UTF-8
      string: |-
        {
          "access_token": "<ACCESS TOKEN FOR USER ACCOUNT>",
          "expires_in": 3600,
          "scope": "https://www.googleapis.com/auth/drive",
          "token_type": "Bearer"
        }
    http_version: 
  recorded_at: Thu, 18 Oct 2018 11:04:57 GMT
- request:
    method: post
    uri: https://www.googleapis.com/drive/v3/files?fields=id,name,mimeType,parents,permissions,trashed,thumbnailLink,thumbnailVersion
    body:
      encoding: UTF-8
      string: '{"mimeType":"application/vnd.google-apps.folder","name":"Test @ 2018-10-18
        11:04:57 UTC","parents":["root"]}'
    headers:
      User-Agent:
      - "<USER AGENT>"
      Accept:
      - "*/*"
      Accept-Encoding:
      - gzip,deflate
      Date:
      - Thu, 18 Oct 2018 11:04:57 GMT
      Content-Type:
      - application/json
      Authorization:
      - Bearer <ACCESS TOKEN FOR USER ACCOUNT>
  response:
    status:
      code: 200
      message: OK
    headers:
      Cache-Control:
      - no-cache, no-store, max-age=0, must-revalidate
      Pragma:
      - no-cache
      Expires:
      - Mon, 01 Jan 1990 00:00:00 GMT
      Date:
      - Thu, 18 Oct 2018 11:04:58 GMT
      Vary:
      - Origin
      - X-Origin
      Content-Type:
      - application/json; charset=UTF-8
      Content-Encoding:
      - gzip
      X-Content-Type-Options:
      - nosniff
      X-Frame-Options:
      - SAMEORIGIN
      X-Xss-Protection:
      - 1; mode=block
      Server:
      - GSE
      Alt-Svc:
      - quic=":443"; ma=2592000; v="44,43,39,35"
      Transfer-Encoding:
      - chunked
    body:
      encoding: UTF-8
      string: |
        {
         "id": "1UNAQt_WpaYreMQGDxgiFpTfR5FY04Iqm",
         "name": "Test @ 2018-10-18 11:04:57 UTC",
         "mimeType": "application/vnd.google-apps.folder",
         "trashed": false,
         "parents": [
          "0AEIi2L68pCuiUk9PVA"
         ],
         "thumbnailVersion": "0",
         "permissions": [
          {
           "kind": "drive#permission",
           "id": "13193959451567607887",
           "type": "user",
           "emailAddress": "<EMAIL ADDRESS FOR USER ACCOUNT>",
           "role": "owner",
           "displayName": "Testuser Upshift One",
           "deleted": false
          }
         ]
        }
    http_version: 
  recorded_at: Thu, 18 Oct 2018 11:04:58 GMT
- request:
    method: post
    uri: https://www.googleapis.com/drive/v3/files/1UNAQt_WpaYreMQGDxgiFpTfR5FY04Iqm/permissions?sendNotificationEmail=false
    body:
      encoding: UTF-8
      string: '{"emailAddress":"<EMAIL ADDRESS FOR TRACKING ACCOUNT>","role":"writer","type":"user"}'
    headers:
      User-Agent:
      - "<USER AGENT>"
      Accept:
      - "*/*"
      Accept-Encoding:
      - gzip,deflate
      Date:
      - Thu, 18 Oct 2018 11:04:58 GMT
      Content-Type:
      - application/json
      Authorization:
      - Bearer <ACCESS TOKEN FOR USER ACCOUNT>
  response:
    status:
      code: 200
      message: OK
    headers:
      Cache-Control:
      - no-cache, no-store, max-age=0, must-revalidate
      Pragma:
      - no-cache
      Expires:
      - Mon, 01 Jan 1990 00:00:00 GMT
      Date:
      - Thu, 18 Oct 2018 11:04:59 GMT
      Vary:
      - Origin
      - X-Origin
      Content-Type:
      - application/json; charset=UTF-8
      Content-Encoding:
      - gzip
      X-Content-Type-Options:
      - nosniff
      X-Frame-Options:
      - SAMEORIGIN
      X-Xss-Protection:
      - 1; mode=block
      Server:
      - GSE
      Alt-Svc:
      - quic=":443"; ma=2592000; v="44,43,39,35"
      Transfer-Encoding:
      - chunked
    body:
      encoding: UTF-8
      string: |
        {
         "kind": "drive#permission",
         "id": "11673017242486491425",
         "type": "user",
         "role": "writer"
        }
    http_version: 
  recorded_at: Thu, 18 Oct 2018 11:04:59 GMT
- request:
    method: get
    uri: https://www.googleapis.com/drive/v3/changes/startPageToken
    body:
      encoding: UTF-8
      string: ''
    headers:
      User-Agent:
      - "<USER AGENT>"
      Accept:
      - "*/*"
      Accept-Encoding:
      - gzip,deflate
      Date:
      - Thu, 18 Oct 2018 11:04:59 GMT
      Authorization:
      - Bearer <ACCESS TOKEN FOR TRACKING ACCOUNT>
      Content-Type:
      - application/x-www-form-urlencoded
  response:
    status:
      code: 200
      message: OK
    headers:
      Expires:
      - Thu, 18 Oct 2018 11:04:59 GMT
      Date:
      - Thu, 18 Oct 2018 11:04:59 GMT
      Cache-Control:
      - private, max-age=0, must-revalidate, no-transform
      Vary:
      - Origin
      - X-Origin
      Content-Type:
      - application/json; charset=UTF-8
      Content-Encoding:
      - gzip
      X-Content-Type-Options:
      - nosniff
      X-Frame-Options:
      - SAMEORIGIN
      X-Xss-Protection:
      - 1; mode=block
      Server:
      - GSE
      Alt-Svc:
      - quic=":443"; ma=2592000; v="44,43,39,35"
      Transfer-Encoding:
      - chunked
    body:
      encoding: UTF-8
      string: |
        {
         "kind": "drive#startPageToken",
         "startPageToken": "9509"
        }
    http_version: 
  recorded_at: Thu, 18 Oct 2018 11:04:59 GMT
- request:
    method: post
    uri: https://www.googleapis.com/drive/v3/files?fields=id,name,mimeType,parents,permissions,trashed,thumbnailLink,thumbnailVersion
    body:
      encoding: UTF-8
      string: '{"mimeType":"application/vnd.google-apps.document","name":"File","parents":["1UNAQt_WpaYreMQGDxgiFpTfR5FY04Iqm"]}'
    headers:
      User-Agent:
      - "<USER AGENT>"
      Accept:
      - "*/*"
      Accept-Encoding:
      - gzip,deflate
      Date:
      - Thu, 18 Oct 2018 11:04:59 GMT
      Content-Type:
      - application/json
      Authorization:
      - Bearer <ACCESS TOKEN FOR USER ACCOUNT>
  response:
    status:
      code: 200
      message: OK
    headers:
      Cache-Control:
      - no-cache, no-store, max-age=0, must-revalidate
      Pragma:
      - no-cache
      Expires:
      - Mon, 01 Jan 1990 00:00:00 GMT
      Date:
      - Thu, 18 Oct 2018 11:05:00 GMT
      Vary:
      - Origin
      - X-Origin
      Content-Type:
      - application/json; charset=UTF-8
      Content-Encoding:
      - gzip
      X-Content-Type-Options:
      - nosniff
      X-Frame-Options:
      - SAMEORIGIN
      X-Xss-Protection:
      - 1; mode=block
      Server:
      - GSE
      Alt-Svc:
      - quic=":443"; ma=2592000; v="44,43,39,35"
      Transfer-Encoding:
      - chunked
    body:
      encoding: UTF-8
      string: |
        {
         "id": "1Xa3gRYNYOUK1jEk8jtBK7xmLd1ysmKRHqUGSLQr66vM",
         "name": "File",
         "mimeType": "application/vnd.google-apps.document",
         "trashed": false,
         "parents": [
          "1UNAQt_WpaYreMQGDxgiFpTfR5FY04Iqm"
         ],
         "thumbnailVersion": "0",
         "permissions": [
          {
           "kind": "drive#permission",
           "id": "11673017242486491425",
           "type": "user",
           "emailAddress": "<EMAIL ADDRESS FOR TRACKING ACCOUNT>",
           "role": "writer",
           "displayName": "Upshift One",
           "deleted": false
          },
          {
           "kind": "drive#permission",
           "id": "13193959451567607887",
           "type": "user",
           "emailAddress": "<EMAIL ADDRESS FOR USER ACCOUNT>",
           "role": "owner",
           "displayName": "Testuser Upshift One",
           "deleted": false
          }
         ]
        }
    http_version: 
  recorded_at: Thu, 18 Oct 2018 11:05:00 GMT
- request:
    method: post
    uri: https://www.googleapis.com/drive/v3/files?fields=id,name,mimeType,parents,permissions,trashed,thumbnailLink,thumbnailVersion
    body:
      encoding: UTF-8
      string: '{"mimeType":"application/vnd.google-apps.folder","name":"3 Golgafrinchan
        Ark Fleet Ship B (Archive)","parents":["root"]}'
    headers:
      User-Agent:
      - "<USER AGENT>"
      Accept:
      - "*/*"
      Accept-Encoding:
      - gzip,deflate
      Date:
      - Thu, 18 Oct 2018 11:05:00 GMT
      Content-Type:
      - application/json
      Authorization:
      - Bearer <ACCESS TOKEN FOR TRACKING ACCOUNT>
  response:
    status:
      code: 200
      message: OK
    headers:
      Cache-Control:
      - no-cache, no-store, max-age=0, must-revalidate
      Pragma:
      - no-cache
      Expires:
      - Mon, 01 Jan 1990 00:00:00 GMT
      Date:
      - Thu, 18 Oct 2018 11:05:01 GMT
      Vary:
      - Origin
      - X-Origin
      Content-Type:
      - application/json; charset=UTF-8
      Content-Encoding:
      - gzip
      X-Content-Type-Options:
      - nosniff
      X-Frame-Options:
      - SAMEORIGIN
      X-Xss-Protection:
      - 1; mode=block
      Server:
      - GSE
      Alt-Svc:
      - quic=":443"; ma=2592000; v="44,43,39,35"
      Transfer-Encoding:
      - chunked
    body:
      encoding: UTF-8
      string: |
        {
         "id": "1kEst22_0nNwF7ev-lD1bZX1ZhYpzS7pn",
         "name": "3 Golgafrinchan Ark Fleet Ship B (Archive)",
         "mimeType": "application/vnd.google-apps.folder",
         "trashed": false,
         "parents": [
          "0AIeK5UAEPQfeUk9PVA"
         ],
         "thumbnailVersion": "0",
         "permissions": [
          {
           "kind": "drive#permission",
           "id": "11673017242486491425",
           "type": "user",
           "emailAddress": "<EMAIL ADDRESS FOR TRACKING ACCOUNT>",
           "role": "owner",
           "displayName": "Upshift One",
           "deleted": false
          }
         ]
        }
    http_version: 
  recorded_at: Thu, 18 Oct 2018 11:05:01 GMT
- request:
    method: post
    uri: https://www.googleapis.com/drive/v3/files/1kEst22_0nNwF7ev-lD1bZX1ZhYpzS7pn/permissions?sendNotificationEmail=false
    body:
      encoding: UTF-8
      string: '{"emailAddress":"<EMAIL ADDRESS FOR USER ACCOUNT>","role":"reader","type":"user"}'
    headers:
      User-Agent:
      - "<USER AGENT>"
      Accept:
      - "*/*"
      Accept-Encoding:
      - gzip,deflate
      Date:
      - Thu, 18 Oct 2018 11:05:01 GMT
      Content-Type:
      - application/json
      Authorization:
      - Bearer <ACCESS TOKEN FOR TRACKING ACCOUNT>
  response:
    status:
      code: 200
      message: OK
    headers:
      Cache-Control:
      - no-cache, no-store, max-age=0, must-revalidate
      Pragma:
      - no-cache
      Expires:
      - Mon, 01 Jan 1990 00:00:00 GMT
      Date:
      - Thu, 18 Oct 2018 11:05:02 GMT
      Vary:
      - Origin
      - X-Origin
      Content-Type:
      - application/json; charset=UTF-8
      Content-Encoding:
      - gzip
      X-Content-Type-Options:
      - nosniff
      X-Frame-Options:
      - SAMEORIGIN
      X-Xss-Protection:
      - 1; mode=block
      Server:
      - GSE
      Alt-Svc:
      - quic=":443"; ma=2592000; v="44,43,39,35"
      Transfer-Encoding:
      - chunked
    body:
      encoding: UTF-8
      string: |
        {
         "kind": "drive#permission",
         "id": "13193959451567607887",
         "type": "user",
         "role": "reader"
        }
    http_version: 
  recorded_at: Thu, 18 Oct 2018 11:05:02 GMT
- request:
    method: get
    uri: https://www.googleapis.com/drive/v3/files/1kEst22_0nNwF7ev-lD1bZX1ZhYpzS7pn?fields=id,name,mimeType,parents,permissions,trashed,thumbnailLink,thumbnailVersion
    body:
      encoding: UTF-8
      string: ''
    headers:
      User-Agent:
      - "<USER AGENT>"
      Accept:
      - "*/*"
      Accept-Encoding:
      - gzip,deflate
      Date:
      - Thu, 18 Oct 2018 11:05:02 GMT
      Authorization:
      - Bearer <ACCESS TOKEN FOR TRACKING ACCOUNT>
      Content-Type:
      - application/x-www-form-urlencoded
  response:
    status:
      code: 200
      message: OK
    headers:
      Expires:
      - Thu, 18 Oct 2018 11:05:02 GMT
      Date:
      - Thu, 18 Oct 2018 11:05:02 GMT
      Cache-Control:
      - private, max-age=0, must-revalidate, no-transform
      Vary:
      - Origin
      - X-Origin
      Content-Type:
      - application/json; charset=UTF-8
      Content-Encoding:
      - gzip
      X-Content-Type-Options:
      - nosniff
      X-Frame-Options:
      - SAMEORIGIN
      X-Xss-Protection:
      - 1; mode=block
      Server:
      - GSE
      Alt-Svc:
      - quic=":443"; ma=2592000; v="44,43,39,35"
      Transfer-Encoding:
      - chunked
    body:
      encoding: UTF-8
      string: |
        {
         "id": "1kEst22_0nNwF7ev-lD1bZX1ZhYpzS7pn",
         "name": "3 Golgafrinchan Ark Fleet Ship B (Archive)",
         "mimeType": "application/vnd.google-apps.folder",
         "trashed": false,
         "parents": [
          "0AIeK5UAEPQfeUk9PVA"
         ],
         "thumbnailVersion": "0",
         "permissions": [
          {
           "kind": "drive#permission",
           "id": "13193959451567607887",
           "type": "user",
           "emailAddress": "<EMAIL ADDRESS FOR USER ACCOUNT>",
           "role": "reader",
           "displayName": "Testuser Upshift One",
           "deleted": false
          },
          {
           "kind": "drive#permission",
           "id": "11673017242486491425",
           "type": "user",
           "emailAddress": "<EMAIL ADDRESS FOR TRACKING ACCOUNT>",
           "role": "owner",
           "displayName": "Upshift One",
           "deleted": false
          }
         ]
        }
    http_version: 
  recorded_at: Thu, 18 Oct 2018 11:05:02 GMT
- request:
    method: get
    uri: https://www.googleapis.com/drive/v3/files/1kEst22_0nNwF7ev-lD1bZX1ZhYpzS7pn/revisions/head
    body:
      encoding: UTF-8
      string: ''
    headers:
      User-Agent:
      - "<USER AGENT>"
      Accept:
      - "*/*"
      Accept-Encoding:
      - gzip,deflate
      Date:
      - Thu, 18 Oct 2018 11:05:02 GMT
      Authorization:
      - Bearer <ACCESS TOKEN FOR TRACKING ACCOUNT>
      Content-Type:
      - application/x-www-form-urlencoded
  response:
    status:
      code: 403
      message: Forbidden
    headers:
      Vary:
      - Origin
      - X-Origin
      Content-Type:
      - application/json; charset=UTF-8
      Content-Encoding:
      - gzip
      Date:
      - Thu, 18 Oct 2018 11:05:02 GMT
      Expires:
      - Thu, 18 Oct 2018 11:05:02 GMT
      Cache-Control:
      - private, max-age=0
      X-Content-Type-Options:
      - nosniff
      X-Frame-Options:
      - SAMEORIGIN
      X-Xss-Protection:
      - 1; mode=block
      Server:
      - GSE
      Alt-Svc:
      - quic=":443"; ma=2592000; v="44,43,39,35"
      Transfer-Encoding:
      - chunked
    body:
      encoding: UTF-8
      string: |
        {
         "error": {
          "errors": [
           {
            "domain": "global",
            "reason": "revisionsNotSupported",
            "message": "The file does not support revisions."
           }
          ],
          "code": 403,
          "message": "The file does not support revisions."
         }
        }
    http_version: 
  recorded_at: Thu, 18 Oct 2018 11:05:02 GMT
- request:
    method: get
    uri: https://www.googleapis.com/drive/v3/files/1UNAQt_WpaYreMQGDxgiFpTfR5FY04Iqm?fields=id,name,mimeType,parents,permissions,trashed,thumbnailLink,thumbnailVersion
    body:
      encoding: UTF-8
      string: ''
    headers:
      User-Agent:
      - "<USER AGENT>"
      Accept:
      - "*/*"
      Accept-Encoding:
      - gzip,deflate
      Date:
      - Thu, 18 Oct 2018 11:05:02 GMT
      Authorization:
      - Bearer <ACCESS TOKEN FOR TRACKING ACCOUNT>
      Content-Type:
      - application/x-www-form-urlencoded
  response:
    status:
      code: 200
      message: OK
    headers:
      Expires:
      - Thu, 18 Oct 2018 11:05:02 GMT
      Date:
      - Thu, 18 Oct 2018 11:05:02 GMT
      Cache-Control:
      - private, max-age=0, must-revalidate, no-transform
      Vary:
      - Origin
      - X-Origin
      Content-Type:
      - application/json; charset=UTF-8
      Content-Encoding:
      - gzip
      X-Content-Type-Options:
      - nosniff
      X-Frame-Options:
      - SAMEORIGIN
      X-Xss-Protection:
      - 1; mode=block
      Server:
      - GSE
      Alt-Svc:
      - quic=":443"; ma=2592000; v="44,43,39,35"
      Transfer-Encoding:
      - chunked
    body:
      encoding: UTF-8
      string: |
        {
         "id": "1UNAQt_WpaYreMQGDxgiFpTfR5FY04Iqm",
         "name": "Test @ 2018-10-18 11:04:57 UTC",
         "mimeType": "application/vnd.google-apps.folder",
         "trashed": false,
         "thumbnailVersion": "0",
         "permissions": [
          {
           "kind": "drive#permission",
           "id": "11673017242486491425",
           "type": "user",
           "emailAddress": "<EMAIL ADDRESS FOR TRACKING ACCOUNT>",
           "role": "writer",
           "displayName": "Upshift One",
           "deleted": false
          },
          {
           "kind": "drive#permission",
           "id": "13193959451567607887",
           "type": "user",
           "emailAddress": "<EMAIL ADDRESS FOR USER ACCOUNT>",
           "role": "owner",
           "displayName": "Testuser Upshift One",
           "deleted": false
          }
         ]
        }
    http_version: 
  recorded_at: Thu, 18 Oct 2018 11:05:02 GMT
- request:
    method: get
    uri: https://www.googleapis.com/drive/v3/files/1UNAQt_WpaYreMQGDxgiFpTfR5FY04Iqm/revisions/head
    body:
      encoding: UTF-8
      string: ''
    headers:
      User-Agent:
      - "<USER AGENT>"
      Accept:
      - "*/*"
      Accept-Encoding:
      - gzip,deflate
      Date:
      - Thu, 18 Oct 2018 11:05:02 GMT
      Authorization:
      - Bearer <ACCESS TOKEN FOR TRACKING ACCOUNT>
      Content-Type:
      - application/x-www-form-urlencoded
  response:
    status:
      code: 403
      message: Forbidden
    headers:
      Vary:
      - Origin
      - X-Origin
      Content-Type:
      - application/json; charset=UTF-8
      Content-Encoding:
      - gzip
      Date:
      - Thu, 18 Oct 2018 11:05:02 GMT
      Expires:
      - Thu, 18 Oct 2018 11:05:02 GMT
      Cache-Control:
      - private, max-age=0
      X-Content-Type-Options:
      - nosniff
      X-Frame-Options:
      - SAMEORIGIN
      X-Xss-Protection:
      - 1; mode=block
      Server:
      - GSE
      Alt-Svc:
      - quic=":443"; ma=2592000; v="44,43,39,35"
      Transfer-Encoding:
      - chunked
    body:
      encoding: UTF-8
      string: |
        {
         "error": {
          "errors": [
           {
            "domain": "global",
            "reason": "revisionsNotSupported",
            "message": "The file does not support revisions."
           }
          ],
          "code": 403,
          "message": "The file does not support revisions."
         }
        }
    http_version: 
  recorded_at: Thu, 18 Oct 2018 11:05:02 GMT
- request:
    method: get
    uri: https://www.googleapis.com/drive/v3/files?fields=files/id,files/name,files/mimeType,files/parents,files/permissions,files/trashed,files/thumbnailLink,files/thumbnailVersion&q=%271UNAQt_WpaYreMQGDxgiFpTfR5FY04Iqm%27%20in%20parents
    body:
      encoding: UTF-8
      string: ''
    headers:
      User-Agent:
      - "<USER AGENT>"
      Accept:
      - "*/*"
      Accept-Encoding:
      - gzip,deflate
      Date:
      - Thu, 18 Oct 2018 11:05:02 GMT
      Authorization:
      - Bearer <ACCESS TOKEN FOR TRACKING ACCOUNT>
      Content-Type:
      - application/x-www-form-urlencoded
  response:
    status:
      code: 200
      message: OK
    headers:
      Expires:
      - Thu, 18 Oct 2018 11:05:02 GMT
      Date:
      - Thu, 18 Oct 2018 11:05:02 GMT
      Cache-Control:
      - private, max-age=0, must-revalidate, no-transform
      Vary:
      - Origin
      - X-Origin
      Content-Type:
      - application/json; charset=UTF-8
      Content-Encoding:
      - gzip
      X-Content-Type-Options:
      - nosniff
      X-Frame-Options:
      - SAMEORIGIN
      X-Xss-Protection:
      - 1; mode=block
      Server:
      - GSE
      Alt-Svc:
      - quic=":443"; ma=2592000; v="44,43,39,35"
      Transfer-Encoding:
      - chunked
    body:
      encoding: UTF-8
      string: |
        {
         "files": [
          {
           "id": "1Xa3gRYNYOUK1jEk8jtBK7xmLd1ysmKRHqUGSLQr66vM",
           "name": "File",
           "mimeType": "application/vnd.google-apps.document",
           "trashed": false,
           "parents": [
            "1UNAQt_WpaYreMQGDxgiFpTfR5FY04Iqm"
           ],
           "thumbnailVersion": "0",
           "permissions": [
            {
             "kind": "drive#permission",
             "id": "11673017242486491425",
             "type": "user",
             "emailAddress": "<EMAIL ADDRESS FOR TRACKING ACCOUNT>",
             "role": "writer",
             "displayName": "Upshift One",
             "deleted": false
            },
            {
             "kind": "drive#permission",
             "id": "13193959451567607887",
             "type": "user",
             "emailAddress": "<EMAIL ADDRESS FOR USER ACCOUNT>",
             "role": "owner",
             "displayName": "Testuser Upshift One",
             "deleted": false
            }
           ]
          }
         ]
        }
    http_version: 
  recorded_at: Thu, 18 Oct 2018 11:05:02 GMT
- request:
    method: get
    uri: https://www.googleapis.com/drive/v3/files/1Xa3gRYNYOUK1jEk8jtBK7xmLd1ysmKRHqUGSLQr66vM/revisions/head
    body:
      encoding: UTF-8
      string: ''
    headers:
      User-Agent:
      - "<USER AGENT>"
      Accept:
      - "*/*"
      Accept-Encoding:
      - gzip,deflate
      Date:
      - Thu, 18 Oct 2018 11:05:02 GMT
      Authorization:
      - Bearer <ACCESS TOKEN FOR TRACKING ACCOUNT>
      Content-Type:
      - application/x-www-form-urlencoded
  response:
    status:
      code: 200
      message: OK
    headers:
      Expires:
      - Thu, 18 Oct 2018 11:05:03 GMT
      Date:
      - Thu, 18 Oct 2018 11:05:03 GMT
      Cache-Control:
      - private, max-age=0, must-revalidate, no-transform
      Vary:
      - Origin
      - X-Origin
      Content-Type:
      - application/json; charset=UTF-8
      Content-Encoding:
      - gzip
      X-Content-Type-Options:
      - nosniff
      X-Frame-Options:
      - SAMEORIGIN
      X-Xss-Protection:
      - 1; mode=block
      Server:
      - GSE
      Alt-Svc:
      - quic=":443"; ma=2592000; v="44,43,39,35"
      Transfer-Encoding:
      - chunked
    body:
      encoding: UTF-8
      string: |
        {
         "kind": "drive#revision",
         "id": "1",
         "mimeType": "application/vnd.google-apps.document",
         "modifiedTime": "2018-10-18T11:04:59.778Z"
        }
    http_version: 
  recorded_at: Thu, 18 Oct 2018 11:05:03 GMT
- request:
    method: patch
    uri: https://www.googleapis.com/drive/v3/files/1Xa3gRYNYOUK1jEk8jtBK7xmLd1ysmKRHqUGSLQr66vM?fields=id,name,mimeType,parents,permissions,trashed,thumbnailLink,thumbnailVersion
    body:
      encoding: UTF-8
      string: '{"name":"New File Name"}'
    headers:
      User-Agent:
      - "<USER AGENT>"
      Accept:
      - "*/*"
      Accept-Encoding:
      - gzip,deflate
      Date:
      - Thu, 18 Oct 2018 11:05:03 GMT
      Content-Type:
      - application/json
      Authorization:
      - Bearer <ACCESS TOKEN FOR USER ACCOUNT>
  response:
    status:
      code: 200
      message: OK
    headers:
      Cache-Control:
      - no-cache, no-store, max-age=0, must-revalidate
      Pragma:
      - no-cache
      Expires:
      - Mon, 01 Jan 1990 00:00:00 GMT
      Date:
      - Thu, 18 Oct 2018 11:05:03 GMT
      Vary:
      - Origin
      - X-Origin
      Content-Type:
      - application/json; charset=UTF-8
      Content-Encoding:
      - gzip
      X-Content-Type-Options:
      - nosniff
      X-Frame-Options:
      - SAMEORIGIN
      X-Xss-Protection:
      - 1; mode=block
      Server:
      - GSE
      Alt-Svc:
      - quic=":443"; ma=2592000; v="44,43,39,35"
      Transfer-Encoding:
      - chunked
    body:
      encoding: UTF-8
      string: |
        {
         "id": "1Xa3gRYNYOUK1jEk8jtBK7xmLd1ysmKRHqUGSLQr66vM",
         "name": "New File Name",
         "mimeType": "application/vnd.google-apps.document",
         "trashed": false,
         "parents": [
          "1UNAQt_WpaYreMQGDxgiFpTfR5FY04Iqm"
         ],
         "thumbnailVersion": "0",
         "permissions": [
          {
           "kind": "drive#permission",
           "id": "11673017242486491425",
           "type": "user",
           "emailAddress": "<EMAIL ADDRESS FOR TRACKING ACCOUNT>",
           "role": "writer",
           "displayName": "Upshift One",
           "deleted": false
          },
          {
           "kind": "drive#permission",
           "id": "13193959451567607887",
           "type": "user",
           "emailAddress": "<EMAIL ADDRESS FOR USER ACCOUNT>",
           "role": "owner",
           "displayName": "Testuser Upshift One",
           "deleted": false
          }
         ]
        }
    http_version: 
  recorded_at: Thu, 18 Oct 2018 11:05:03 GMT
- request:
    method: get
    uri: https://www.googleapis.com/drive/v3/changes?fields=nextPageToken,newStartPageToken,changes/fileId&pageSize=100&pageToken=9509
    body:
      encoding: UTF-8
      string: ''
    headers:
      User-Agent:
      - "<USER AGENT>"
      Accept:
      - "*/*"
      Accept-Encoding:
      - gzip,deflate
      Date:
      - Thu, 18 Oct 2018 11:06:03 GMT
      Authorization:
      - Bearer <ACCESS TOKEN FOR TRACKING ACCOUNT>
      Content-Type:
      - application/x-www-form-urlencoded
  response:
    status:
      code: 200
      message: OK
    headers:
      Expires:
      - Thu, 18 Oct 2018 11:06:03 GMT
      Date:
      - Thu, 18 Oct 2018 11:06:03 GMT
      Cache-Control:
      - private, max-age=0, must-revalidate, no-transform
      Vary:
      - Origin
      - X-Origin
      Content-Type:
      - application/json; charset=UTF-8
      Content-Encoding:
      - gzip
      X-Content-Type-Options:
      - nosniff
      X-Frame-Options:
      - SAMEORIGIN
      X-Xss-Protection:
      - 1; mode=block
      Server:
      - GSE
      Alt-Svc:
      - quic=":443"; ma=2592000; v="44,43,39,35"
      Transfer-Encoding:
      - chunked
    body:
      encoding: UTF-8
      string: |
        {
         "newStartPageToken": "9515",
         "changes": [
          {
           "fileId": "1kEst22_0nNwF7ev-lD1bZX1ZhYpzS7pn"
          },
          {
           "fileId": "1UNAQt_WpaYreMQGDxgiFpTfR5FY04Iqm"
          },
          {
           "fileId": "1Xa3gRYNYOUK1jEk8jtBK7xmLd1ysmKRHqUGSLQr66vM"
          }
         ]
        }
    http_version: 
  recorded_at: Thu, 18 Oct 2018 11:06:03 GMT
- request:
    method: get
    uri: https://www.googleapis.com/drive/v3/files/1kEst22_0nNwF7ev-lD1bZX1ZhYpzS7pn?fields=id,name,mimeType,parents,permissions,trashed,thumbnailLink,thumbnailVersion
    body:
      encoding: UTF-8
      string: ''
    headers:
      User-Agent:
      - "<USER AGENT>"
      Accept:
      - "*/*"
      Accept-Encoding:
      - gzip,deflate
      Date:
      - Thu, 18 Oct 2018 11:06:04 GMT
      Authorization:
      - Bearer <ACCESS TOKEN FOR TRACKING ACCOUNT>
      Content-Type:
      - application/x-www-form-urlencoded
  response:
    status:
      code: 200
      message: OK
    headers:
      Expires:
      - Thu, 18 Oct 2018 11:06:04 GMT
      Date:
      - Thu, 18 Oct 2018 11:06:04 GMT
      Cache-Control:
      - private, max-age=0, must-revalidate, no-transform
      Vary:
      - Origin
      - X-Origin
      Content-Type:
      - application/json; charset=UTF-8
      Content-Encoding:
      - gzip
      X-Content-Type-Options:
      - nosniff
      X-Frame-Options:
      - SAMEORIGIN
      X-Xss-Protection:
      - 1; mode=block
      Server:
      - GSE
      Alt-Svc:
      - quic=":443"; ma=2592000; v="44,43,39,35"
      Transfer-Encoding:
      - chunked
    body:
      encoding: UTF-8
      string: |
        {
         "id": "1kEst22_0nNwF7ev-lD1bZX1ZhYpzS7pn",
         "name": "3 Golgafrinchan Ark Fleet Ship B (Archive)",
         "mimeType": "application/vnd.google-apps.folder",
         "trashed": false,
         "parents": [
          "0AIeK5UAEPQfeUk9PVA"
         ],
         "thumbnailVersion": "0",
         "permissions": [
          {
           "kind": "drive#permission",
           "id": "13193959451567607887",
           "type": "user",
           "emailAddress": "<EMAIL ADDRESS FOR USER ACCOUNT>",
           "role": "reader",
           "displayName": "Testuser Upshift One",
           "deleted": false
          },
          {
           "kind": "drive#permission",
           "id": "11673017242486491425",
           "type": "user",
           "emailAddress": "<EMAIL ADDRESS FOR TRACKING ACCOUNT>",
           "role": "owner",
           "displayName": "Upshift One",
           "deleted": false
          }
         ]
        }
    http_version: 
  recorded_at: Thu, 18 Oct 2018 11:06:04 GMT
- request:
    method: get
    uri: https://www.googleapis.com/drive/v3/files/1kEst22_0nNwF7ev-lD1bZX1ZhYpzS7pn/revisions/head
    body:
      encoding: UTF-8
      string: ''
    headers:
      User-Agent:
      - "<USER AGENT>"
      Accept:
      - "*/*"
      Accept-Encoding:
      - gzip,deflate
      Date:
      - Thu, 18 Oct 2018 11:06:04 GMT
      Authorization:
      - Bearer <ACCESS TOKEN FOR TRACKING ACCOUNT>
      Content-Type:
      - application/x-www-form-urlencoded
  response:
    status:
      code: 403
      message: Forbidden
    headers:
      Vary:
      - Origin
      - X-Origin
      Content-Type:
      - application/json; charset=UTF-8
      Content-Encoding:
      - gzip
      Date:
      - Thu, 18 Oct 2018 11:06:04 GMT
      Expires:
      - Thu, 18 Oct 2018 11:06:04 GMT
      Cache-Control:
      - private, max-age=0
      X-Content-Type-Options:
      - nosniff
      X-Frame-Options:
      - SAMEORIGIN
      X-Xss-Protection:
      - 1; mode=block
      Server:
      - GSE
      Alt-Svc:
      - quic=":443"; ma=2592000; v="44,43,39,35"
      Transfer-Encoding:
      - chunked
    body:
      encoding: UTF-8
      string: |
        {
         "error": {
          "errors": [
           {
            "domain": "global",
            "reason": "revisionsNotSupported",
            "message": "The file does not support revisions."
           }
          ],
          "code": 403,
          "message": "The file does not support revisions."
         }
        }
    http_version: 
  recorded_at: Thu, 18 Oct 2018 11:06:04 GMT
- request:
    method: get
    uri: https://www.googleapis.com/drive/v3/files/1UNAQt_WpaYreMQGDxgiFpTfR5FY04Iqm?fields=id,name,mimeType,parents,permissions,trashed,thumbnailLink,thumbnailVersion
    body:
      encoding: UTF-8
      string: ''
    headers:
      User-Agent:
      - "<USER AGENT>"
      Accept:
      - "*/*"
      Accept-Encoding:
      - gzip,deflate
      Date:
      - Thu, 18 Oct 2018 11:06:04 GMT
      Authorization:
      - Bearer <ACCESS TOKEN FOR TRACKING ACCOUNT>
      Content-Type:
      - application/x-www-form-urlencoded
  response:
    status:
      code: 200
      message: OK
    headers:
      Expires:
      - Thu, 18 Oct 2018 11:06:04 GMT
      Date:
      - Thu, 18 Oct 2018 11:06:04 GMT
      Cache-Control:
      - private, max-age=0, must-revalidate, no-transform
      Vary:
      - Origin
      - X-Origin
      Content-Type:
      - application/json; charset=UTF-8
      Content-Encoding:
      - gzip
      X-Content-Type-Options:
      - nosniff
      X-Frame-Options:
      - SAMEORIGIN
      X-Xss-Protection:
      - 1; mode=block
      Server:
      - GSE
      Alt-Svc:
      - quic=":443"; ma=2592000; v="44,43,39,35"
      Transfer-Encoding:
      - chunked
    body:
      encoding: UTF-8
      string: |
        {
         "id": "1UNAQt_WpaYreMQGDxgiFpTfR5FY04Iqm",
         "name": "Test @ 2018-10-18 11:04:57 UTC",
         "mimeType": "application/vnd.google-apps.folder",
         "trashed": false,
         "thumbnailVersion": "0",
         "permissions": [
          {
           "kind": "drive#permission",
           "id": "11673017242486491425",
           "type": "user",
           "emailAddress": "<EMAIL ADDRESS FOR TRACKING ACCOUNT>",
           "role": "writer",
           "displayName": "Upshift One",
           "deleted": false
          },
          {
           "kind": "drive#permission",
           "id": "13193959451567607887",
           "type": "user",
           "emailAddress": "<EMAIL ADDRESS FOR USER ACCOUNT>",
           "role": "owner",
           "displayName": "Testuser Upshift One",
           "deleted": false
          }
         ]
        }
    http_version: 
  recorded_at: Thu, 18 Oct 2018 11:06:04 GMT
- request:
    method: get
    uri: https://www.googleapis.com/drive/v3/files/1UNAQt_WpaYreMQGDxgiFpTfR5FY04Iqm/revisions/head
    body:
      encoding: UTF-8
      string: ''
    headers:
      User-Agent:
      - "<USER AGENT>"
      Accept:
      - "*/*"
      Accept-Encoding:
      - gzip,deflate
      Date:
      - Thu, 18 Oct 2018 11:06:04 GMT
      Authorization:
      - Bearer <ACCESS TOKEN FOR TRACKING ACCOUNT>
      Content-Type:
      - application/x-www-form-urlencoded
  response:
    status:
      code: 403
      message: Forbidden
    headers:
      Vary:
      - Origin
      - X-Origin
      Content-Type:
      - application/json; charset=UTF-8
      Content-Encoding:
      - gzip
      Date:
      - Thu, 18 Oct 2018 11:06:04 GMT
      Expires:
      - Thu, 18 Oct 2018 11:06:04 GMT
      Cache-Control:
      - private, max-age=0
      X-Content-Type-Options:
      - nosniff
      X-Frame-Options:
      - SAMEORIGIN
      X-Xss-Protection:
      - 1; mode=block
      Server:
      - GSE
      Alt-Svc:
      - quic=":443"; ma=2592000; v="44,43,39,35"
      Transfer-Encoding:
      - chunked
    body:
      encoding: UTF-8
      string: |
        {
         "error": {
          "errors": [
           {
            "domain": "global",
            "reason": "revisionsNotSupported",
            "message": "The file does not support revisions."
           }
          ],
          "code": 403,
          "message": "The file does not support revisions."
         }
        }
    http_version: 
  recorded_at: Thu, 18 Oct 2018 11:06:04 GMT
- request:
    method: get
    uri: https://www.googleapis.com/drive/v3/files/1Xa3gRYNYOUK1jEk8jtBK7xmLd1ysmKRHqUGSLQr66vM?fields=id,name,mimeType,parents,permissions,trashed,thumbnailLink,thumbnailVersion
    body:
      encoding: UTF-8
      string: ''
    headers:
      User-Agent:
      - "<USER AGENT>"
      Accept:
      - "*/*"
      Accept-Encoding:
      - gzip,deflate
      Date:
      - Thu, 18 Oct 2018 11:06:04 GMT
      Authorization:
      - Bearer <ACCESS TOKEN FOR TRACKING ACCOUNT>
      Content-Type:
      - application/x-www-form-urlencoded
  response:
    status:
      code: 200
      message: OK
    headers:
      Expires:
      - Thu, 18 Oct 2018 11:06:04 GMT
      Date:
      - Thu, 18 Oct 2018 11:06:04 GMT
      Cache-Control:
      - private, max-age=0, must-revalidate, no-transform
      Vary:
      - Origin
      - X-Origin
      Content-Type:
      - application/json; charset=UTF-8
      Content-Encoding:
      - gzip
      X-Content-Type-Options:
      - nosniff
      X-Frame-Options:
      - SAMEORIGIN
      X-Xss-Protection:
      - 1; mode=block
      Server:
      - GSE
      Alt-Svc:
      - quic=":443"; ma=2592000; v="44,43,39,35"
      Transfer-Encoding:
      - chunked
    body:
      encoding: UTF-8
      string: |
        {
         "id": "1Xa3gRYNYOUK1jEk8jtBK7xmLd1ysmKRHqUGSLQr66vM",
         "name": "New File Name",
         "mimeType": "application/vnd.google-apps.document",
         "trashed": false,
         "parents": [
          "1UNAQt_WpaYreMQGDxgiFpTfR5FY04Iqm"
         ],
         "thumbnailLink": "https://docs.google.com/feeds/vt?gd=true&id=1Xa3gRYNYOUK1jEk8jtBK7xmLd1ysmKRHqUGSLQr66vM&v=1&s=AMedNnoAAAAAW8iFPEVByGayxBZM8ryvtuMX6cTFJSYZ&sz=s220",
         "thumbnailVersion": "1",
         "permissions": [
          {
           "kind": "drive#permission",
           "id": "11673017242486491425",
           "type": "user",
           "emailAddress": "<EMAIL ADDRESS FOR TRACKING ACCOUNT>",
           "role": "writer",
           "displayName": "Upshift One",
           "deleted": false
          },
          {
           "kind": "drive#permission",
           "id": "13193959451567607887",
           "type": "user",
           "emailAddress": "<EMAIL ADDRESS FOR USER ACCOUNT>",
           "role": "owner",
           "displayName": "Testuser Upshift One",
           "deleted": false
          }
         ]
        }
    http_version: 
  recorded_at: Thu, 18 Oct 2018 11:06:04 GMT
- request:
    method: get
    uri: https://www.googleapis.com/drive/v3/files/1Xa3gRYNYOUK1jEk8jtBK7xmLd1ysmKRHqUGSLQr66vM/revisions/head
    body:
      encoding: UTF-8
      string: ''
    headers:
      User-Agent:
      - "<USER AGENT>"
      Accept:
      - "*/*"
      Accept-Encoding:
      - gzip,deflate
      Date:
      - Thu, 18 Oct 2018 11:06:04 GMT
      Authorization:
      - Bearer <ACCESS TOKEN FOR TRACKING ACCOUNT>
      Content-Type:
      - application/x-www-form-urlencoded
  response:
    status:
      code: 200
      message: OK
    headers:
      Expires:
      - Thu, 18 Oct 2018 11:06:04 GMT
      Date:
      - Thu, 18 Oct 2018 11:06:04 GMT
      Cache-Control:
      - private, max-age=0, must-revalidate, no-transform
      Vary:
      - Origin
      - X-Origin
      Content-Type:
      - application/json; charset=UTF-8
      Content-Encoding:
      - gzip
      X-Content-Type-Options:
      - nosniff
      X-Frame-Options:
      - SAMEORIGIN
      X-Xss-Protection:
      - 1; mode=block
      Server:
      - GSE
      Alt-Svc:
      - quic=":443"; ma=2592000; v="44,43,39,35"
      Transfer-Encoding:
      - chunked
    body:
      encoding: UTF-8
      string: |
        {
         "kind": "drive#revision",
         "id": "1",
         "mimeType": "application/vnd.google-apps.document",
         "modifiedTime": "2018-10-18T11:04:59.778Z"
        }
    http_version: 
  recorded_at: Thu, 18 Oct 2018 11:06:04 GMT
- request:
    method: get
    uri: https://docs.google.com/feeds/vt?gd=true&id=1Xa3gRYNYOUK1jEk8jtBK7xmLd1ysmKRHqUGSLQr66vM&s=AMedNnoAAAAAW8iFPEVByGayxBZM8ryvtuMX6cTFJSYZ&sz=s350&v=1
    body:
      encoding: UTF-8
      string: ''
    headers:
      User-Agent:
      - "<USER AGENT>"
      Accept:
      - "*/*"
      Accept-Encoding:
      - gzip,deflate
      Date:
      - Thu, 18 Oct 2018 11:06:04 GMT
      Authorization:
      - Bearer <ACCESS TOKEN FOR TRACKING ACCOUNT>
      Content-Type:
      - application/x-www-form-urlencoded
  response:
    status:
      code: 200
      message: OK
    headers:
      Access-Control-Expose-Headers:
      - Content-Length
      Etag:
      - '"v1"'
      Expires:
      - Fri, 01 Jan 1990 00:00:00 GMT
      Cache-Control:
      - private, max-age=86400, no-transform
      Content-Disposition:
      - inline;filename="unnamed.png"
      Content-Type:
      - image/png
      Vary:
      - Origin
      Access-Control-Allow-Origin:
      - "*"
      Timing-Allow-Origin:
      - "*"
      X-Content-Type-Options:
      - nosniff
      Date:
      - Thu, 18 Oct 2018 11:06:05 GMT
      Server:
      - fife
      Content-Length:
      - '1022'
      X-Xss-Protection:
      - 1; mode=block
      Alt-Svc:
      - quic=":443"; ma=2592000; v="44,43,39,35"
    body:
      encoding: ASCII-8BIT
      string: !binary |-
        iVBORw0KGgoAAAANSUhEUgAAAQ8AAAFeCAIAAAAUnw07AAAAA3NCSVQICAjb4U/gAAADtklEQVR4nO3TQQ0AIBDAMMC/58PCfoSkVbDP9swsIDivA+AbboHKLVC5BSq3QOUWqNwClVugcgtUboHKLVC5BSq3QOUWqNwClVugcgtUboHKLVC5BSq3QOUWqNwClVugcgtUboHKLVC5BSq3QOUWqNwClVugcgtUboHKLVC5BSq3QOUWqNwClVugcgtUboHKLVC5BSq3QOUWqNwClVugcgtUboHKLVC5BSq3QOUWqNwClVugcgtUboHKLVC5BSq3QOUWqNwClVugcgtUboHKLVC5BSq3QOUWqNwClVugcgtUboHKLVC5BSq3QOUWqNwClVugcgtUboHKLVC5BSq3QOUWqNwClVugcgtUboHKLVC5BSq3QOUWqNwClVugcgtUboHKLVC5BSq3QOUWqNwClVugcgtUboHKLVC5BSq3QOUWqNwClVugcgtUboHKLVC5BSq3QOUWqNwClVugcgtUboHKLVC5BSq3QOUWqNwClVugcgtUboHKLVC5BSq3QOUWqNwClVugcgtUboHKLVC5BSq3QOUWqNwClVugcgtUboHKLVC5BSq3QOUWqNwClVugcgtUboHKLVC5BSq3QOUWqNwClVugcgtUboHKLVC5BSq3QOUWqNwClVugcgtUboHKLVC5BSq3QOUWqNwClVugcgtUboHKLVC5BSq3QOUWqNwClVugcgtUboHKLVC5BSq3QOUWqNwClVugcgtUboHKLVC5BSq3QOUWqNwClVugcgtUboHKLVC5BSq3QOUWqNwClVugcgtUboHKLVC5BSq3QOUWqNwClVugcgtUboHKLVC5BSq3QOUWqNwClVugcgtUboHKLVC5BSq3QOUWqNwClVugcgtUboHKLVC5BSq3QOUWqNwClVugcgtUboHKLVC5BSq3QOUWqNwClVugcgtUboHKLVC5BSq3QOUWqNwClVugcgtUboHKLVC5BSq3QOUWqNwClVugcgtUboHKLVC5BSq3QOUWqNwClVugcgtUboHKLVC5BSq3QOUWqNwClVugcgtUboHKLVC5BSq3QOUWqNwClVugcgtUboHKLVC5BSq3QOUWqNwClVugcgtUboHKLVC5BSq3QOUWqNwClVugcgtUboHKLVC5BSq3QOUWqNwClVugcgtUboHKLVC5BSq3QOUWqNwClVugcgtUboHKLVC5BSq3QOUWqNwClVugcgtUboHKLVC5BSq3QOUWqNwClVugcgtUboHKLVC5BSq3QOUWqNwClVugcgtUboHKLVC5BSq3QHUBmEIFueK0cc8AAAAASUVORK5CYII=
    http_version: 
  recorded_at: Thu, 18 Oct 2018 11:06:05 GMT
- request:
    method: delete
    uri: https://www.googleapis.com/drive/v3/files/1UNAQt_WpaYreMQGDxgiFpTfR5FY04Iqm
    body:
      encoding: UTF-8
      string: ''
    headers:
      User-Agent:
      - "<USER AGENT>"
      Accept:
      - "*/*"
      Accept-Encoding:
      - gzip,deflate
      Date:
      - Thu, 18 Oct 2018 11:06:05 GMT
      Authorization:
      - Bearer <ACCESS TOKEN FOR USER ACCOUNT>
      Content-Type:
      - application/x-www-form-urlencoded
  response:
    status:
      code: 204
      message: No Content
    headers:
      Cache-Control:
      - no-cache, no-store, max-age=0, must-revalidate
      Pragma:
      - no-cache
      Expires:
      - Mon, 01 Jan 1990 00:00:00 GMT
      Date:
      - Thu, 18 Oct 2018 11:06:05 GMT
      Vary:
      - Origin
      - X-Origin
      Server:
      - GSE
      Alt-Svc:
      - quic=":443"; ma=2592000; v="44,43,39,35"
    body:
      encoding: UTF-8
      string: ''
    http_version: 
  recorded_at: Thu, 18 Oct 2018 11:06:06 GMT
recorded_with: VCR 4.0.0
