---
http_interactions:
- request:
    method: post
    uri: https://www.googleapis.com/oauth2/v4/token
    body:
      encoding: ASCII-8BIT
      string: grant_type=refresh_token&refresh_token=<REFRESH TOKEN FOR TRACKING ACCOUNT>&client_id=<CLIENT
        ID>&client_secret=<CLIENT SECRET>
    headers:
      User-Agent:
      - Faraday v0.13.1
      Content-Type:
      - application/x-www-form-urlencoded
      Accept-Encoding:
      - gzip;q=1.0,deflate;q=0.6,identity;q=0.3
      Accept:
      - "*/*"
  response:
    status:
      code: 200
      message: OK
    headers:
      Cache-Control:
      - no-cache, no-store, max-age=0, must-revalidate
      Pragma:
      - no-cache
      Expires:
      - Mon, 01 Jan 1990 00:00:00 GMT
      Date:
      - Sat, 10 Feb 2018 04:28:26 GMT
      Vary:
      - Origin
      - X-Origin
      Content-Type:
      - application/json; charset=UTF-8
      X-Content-Type-Options:
      - nosniff
      X-Frame-Options:
      - SAMEORIGIN
      X-Xss-Protection:
      - 1; mode=block
      Server:
      - GSE
      Alt-Svc:
      - hq=":443"; ma=2592000; quic=51303431; quic=51303339; quic=51303338; quic=51303337;
        quic=51303335,quic=":443"; ma=2592000; v="41,39,38,37,35"
      Transfer-Encoding:
      - chunked
    body:
      encoding: UTF-8
      string: |
        {
         "access_token": "<ACCESS TOKEN FOR TRACKING ACCOUNT>",
         "token_type": "Bearer",
         "expires_in": 3600
        }
    http_version: 
  recorded_at: Sat, 10 Feb 2018 04:28:26 GMT
- request:
    method: post
    uri: https://www.googleapis.com/drive/v3/files?fields=id,name,mimeType,parents,trashed
    body:
      encoding: UTF-8
      string: '{"mimeType":"application/vnd.google-apps.folder","name":"Test @ 2018-02-10
        04:28:26 UTC","parents":["root"]}'
    headers:
      User-Agent:
      - "<USER AGENT>"
      Accept:
      - "*/*"
      Accept-Encoding:
      - gzip,deflate
      Date:
      - Sat, 10 Feb 2018 04:28:26 GMT
      Content-Type:
      - application/json
      Authorization:
      - Bearer <ACCESS TOKEN FOR TRACKING ACCOUNT>
  response:
    status:
      code: 200
      message: OK
    headers:
      Cache-Control:
      - no-cache, no-store, max-age=0, must-revalidate
      Pragma:
      - no-cache
      Expires:
      - Mon, 01 Jan 1990 00:00:00 GMT
      Date:
      - Sat, 10 Feb 2018 04:28:26 GMT
      Vary:
      - Origin
      - X-Origin
      Content-Type:
      - application/json; charset=UTF-8
      Content-Encoding:
      - gzip
      X-Content-Type-Options:
      - nosniff
      X-Frame-Options:
      - SAMEORIGIN
      X-Xss-Protection:
      - 1; mode=block
      Server:
      - GSE
      Alt-Svc:
      - hq=":443"; ma=2592000; quic=51303431; quic=51303339; quic=51303338; quic=51303337;
        quic=51303335,quic=":443"; ma=2592000; v="41,39,38,37,35"
      Transfer-Encoding:
      - chunked
    body:
      encoding: UTF-8
      string: |
        {
         "id": "1hafKfDkpF-UpB-ey-PjvJAOdhtZ4hcZ6",
         "name": "Test @ 2018-02-10 04:28:26 UTC",
         "mimeType": "application/vnd.google-apps.folder",
         "trashed": false,
         "parents": [
          "0AIeK5UAEPQfeUk9PVA"
         ]
        }
    http_version: 
  recorded_at: Sat, 10 Feb 2018 04:28:26 GMT
- request:
    method: post
    uri: https://www.googleapis.com/drive/v3/files?fields=id,name,mimeType,parents,trashed
    body:
      encoding: UTF-8
      string: '{"mimeType":"application/vnd.google-apps.document","name":"Test File","parents":["1hafKfDkpF-UpB-ey-PjvJAOdhtZ4hcZ6"]}'
    headers:
      User-Agent:
      - "<USER AGENT>"
      Accept:
      - "*/*"
      Accept-Encoding:
      - gzip,deflate
      Date:
      - Sat, 10 Feb 2018 04:28:26 GMT
      Content-Type:
      - application/json
      Authorization:
      - Bearer <ACCESS TOKEN FOR TRACKING ACCOUNT>
  response:
    status:
      code: 200
      message: OK
    headers:
      Cache-Control:
      - no-cache, no-store, max-age=0, must-revalidate
      Pragma:
      - no-cache
      Expires:
      - Mon, 01 Jan 1990 00:00:00 GMT
      Date:
      - Sat, 10 Feb 2018 04:28:27 GMT
      Vary:
      - Origin
      - X-Origin
      Content-Type:
      - application/json; charset=UTF-8
      Content-Encoding:
      - gzip
      X-Content-Type-Options:
      - nosniff
      X-Frame-Options:
      - SAMEORIGIN
      X-Xss-Protection:
      - 1; mode=block
      Server:
      - GSE
      Alt-Svc:
      - hq=":443"; ma=2592000; quic=51303431; quic=51303339; quic=51303338; quic=51303337;
        quic=51303335,quic=":443"; ma=2592000; v="41,39,38,37,35"
      Transfer-Encoding:
      - chunked
    body:
      encoding: UTF-8
      string: |
        {
         "id": "18NqmWJbE5-T1qLO4u5t1_DECur8fw-Rjy6Q68yogs4k",
         "name": "Test File",
         "mimeType": "application/vnd.google-apps.document",
         "trashed": false,
         "parents": [
          "1hafKfDkpF-UpB-ey-PjvJAOdhtZ4hcZ6"
         ]
        }
    http_version: 
  recorded_at: Sat, 10 Feb 2018 04:28:27 GMT
- request:
    method: get
    uri: https://www.googleapis.com/drive/v3/files/18NqmWJbE5-T1qLO4u5t1_DECur8fw-Rjy6Q68yogs4k?fields=id,name,mimeType,parents,trashed
    body:
      encoding: UTF-8
      string: ''
    headers:
      User-Agent:
      - "<USER AGENT>"
      Accept:
      - "*/*"
      Accept-Encoding:
      - gzip,deflate
      Date:
      - Sat, 10 Feb 2018 04:28:27 GMT
      Authorization:
      - Bearer <ACCESS TOKEN FOR TRACKING ACCOUNT>
      Content-Type:
      - application/x-www-form-urlencoded
  response:
    status:
      code: 200
      message: OK
    headers:
      Expires:
      - Sat, 10 Feb 2018 04:28:27 GMT
      Date:
      - Sat, 10 Feb 2018 04:28:27 GMT
      Cache-Control:
      - private, max-age=0, must-revalidate, no-transform
      Vary:
      - Origin
      - X-Origin
      Content-Type:
      - application/json; charset=UTF-8
      Content-Encoding:
      - gzip
      X-Content-Type-Options:
      - nosniff
      X-Frame-Options:
      - SAMEORIGIN
      X-Xss-Protection:
      - 1; mode=block
      Server:
      - GSE
      Alt-Svc:
      - hq=":443"; ma=2592000; quic=51303431; quic=51303339; quic=51303338; quic=51303337;
        quic=51303335,quic=":443"; ma=2592000; v="41,39,38,37,35"
      Transfer-Encoding:
      - chunked
    body:
      encoding: UTF-8
      string: |
        {
         "id": "18NqmWJbE5-T1qLO4u5t1_DECur8fw-Rjy6Q68yogs4k",
         "name": "Test File",
         "mimeType": "application/vnd.google-apps.document",
         "trashed": false,
         "parents": [
          "1hafKfDkpF-UpB-ey-PjvJAOdhtZ4hcZ6"
         ]
        }
    http_version: 
  recorded_at: Sat, 10 Feb 2018 04:28:27 GMT
- request:
    method: delete
    uri: https://www.googleapis.com/drive/v3/files/1hafKfDkpF-UpB-ey-PjvJAOdhtZ4hcZ6
    body:
      encoding: UTF-8
      string: ''
    headers:
      User-Agent:
      - "<USER AGENT>"
      Accept:
      - "*/*"
      Accept-Encoding:
      - gzip,deflate
      Date:
      - Sat, 10 Feb 2018 04:28:27 GMT
      Authorization:
      - Bearer <ACCESS TOKEN FOR TRACKING ACCOUNT>
      Content-Type:
      - application/x-www-form-urlencoded
  response:
    status:
      code: 204
      message: No Content
    headers:
      Cache-Control:
      - no-cache, no-store, max-age=0, must-revalidate
      Pragma:
      - no-cache
      Expires:
      - Mon, 01 Jan 1990 00:00:00 GMT
      Date:
      - Sat, 10 Feb 2018 04:28:28 GMT
      Vary:
      - Origin
      - X-Origin
      Server:
      - GSE
      Alt-Svc:
      - hq=":443"; ma=2592000; quic=51303431; quic=51303339; quic=51303338; quic=51303337;
        quic=51303335,quic=":443"; ma=2592000; v="41,39,38,37,35"
    body:
      encoding: UTF-8
      string: ''
    http_version: 
  recorded_at: Sat, 10 Feb 2018 04:28:28 GMT
recorded_with: VCR 4.0.0
