---
http_interactions:
- request:
    method: post
    uri: https://www.googleapis.com/oauth2/v4/token
    body:
      encoding: ASCII-8BIT
      string: grant_type=refresh_token&refresh_token=<REFRESH TOKEN FOR TRACKING ACCOUNT>&client_id=<CLIENT
        ID>&client_secret=<CLIENT SECRET>
    headers:
      User-Agent:
      - Faraday v0.13.1
      Content-Type:
      - application/x-www-form-urlencoded
      Accept-Encoding:
      - gzip;q=1.0,deflate;q=0.6,identity;q=0.3
      Accept:
      - "*/*"
  response:
    status:
      code: 200
      message: OK
    headers:
      Cache-Control:
      - no-cache, no-store, max-age=0, must-revalidate
      Pragma:
      - no-cache
      Expires:
      - Mon, 01 Jan 1990 00:00:00 GMT
      Date:
      - Thu, 15 Mar 2018 19:29:47 GMT
      Vary:
      - Origin
      - X-Origin
      Content-Type:
      - application/json; charset=UTF-8
      X-Content-Type-Options:
      - nosniff
      X-Frame-Options:
      - SAMEORIGIN
      X-Xss-Protection:
      - 1; mode=block
      Server:
      - GSE
      Alt-Svc:
      - hq=":443"; ma=2592000; quic=51303431; quic=51303339; quic=51303335,quic=":443";
        ma=2592000; v="41,39,35"
      Transfer-Encoding:
      - chunked
    body:
      encoding: UTF-8
      string: |
        {
         "access_token": "<ACCESS TOKEN FOR TRACKING ACCOUNT>",
         "token_type": "Bearer",
         "expires_in": 3600
        }
    http_version: 
  recorded_at: Thu, 15 Mar 2018 19:29:47 GMT
- request:
    method: post
    uri: https://www.googleapis.com/oauth2/v4/token
    body:
      encoding: ASCII-8BIT
      string: grant_type=refresh_token&refresh_token=<REFRESH TOKEN FOR USER ACCOUNT>&client_id=<CLIENT
        ID>&client_secret=<CLIENT SECRET>
    headers:
      User-Agent:
      - Faraday v0.13.1
      Content-Type:
      - application/x-www-form-urlencoded
      Accept-Encoding:
      - gzip;q=1.0,deflate;q=0.6,identity;q=0.3
      Accept:
      - "*/*"
  response:
    status:
      code: 200
      message: OK
    headers:
      Cache-Control:
      - no-cache, no-store, max-age=0, must-revalidate
      Pragma:
      - no-cache
      Expires:
      - Mon, 01 Jan 1990 00:00:00 GMT
      Date:
      - Thu, 15 Mar 2018 19:29:48 GMT
      Vary:
      - Origin
      - X-Origin
      Content-Type:
      - application/json; charset=UTF-8
      X-Content-Type-Options:
      - nosniff
      X-Frame-Options:
      - SAMEORIGIN
      X-Xss-Protection:
      - 1; mode=block
      Server:
      - GSE
      Alt-Svc:
      - hq=":443"; ma=2592000; quic=51303431; quic=51303339; quic=51303335,quic=":443";
        ma=2592000; v="41,39,35"
      Transfer-Encoding:
      - chunked
    body:
      encoding: UTF-8
      string: |
        {
         "access_token": "<ACCESS TOKEN FOR USER ACCOUNT>",
         "token_type": "Bearer",
         "expires_in": 3600
        }
    http_version: 
  recorded_at: Thu, 15 Mar 2018 19:29:48 GMT
- request:
    method: post
    uri: https://www.googleapis.com/drive/v3/files?fields=id,name,mimeType,parents,trashed
    body:
      encoding: UTF-8
      string: '{"mimeType":"application/vnd.google-apps.folder","name":"Test @ 2018-03-15
        19:29:48 UTC","parents":["root"]}'
    headers:
      User-Agent:
      - "<USER AGENT>"
      Accept:
      - "*/*"
      Accept-Encoding:
      - gzip,deflate
      Date:
      - Thu, 15 Mar 2018 19:29:48 GMT
      Content-Type:
      - application/json
      Authorization:
      - Bearer <ACCESS TOKEN FOR USER ACCOUNT>
  response:
    status:
      code: 200
      message: OK
    headers:
      Cache-Control:
      - no-cache, no-store, max-age=0, must-revalidate
      Pragma:
      - no-cache
      Expires:
      - Mon, 01 Jan 1990 00:00:00 GMT
      Date:
      - Thu, 15 Mar 2018 19:29:49 GMT
      Vary:
      - Origin
      - X-Origin
      Content-Type:
      - application/json; charset=UTF-8
      Content-Encoding:
      - gzip
      X-Content-Type-Options:
      - nosniff
      X-Frame-Options:
      - SAMEORIGIN
      X-Xss-Protection:
      - 1; mode=block
      Server:
      - GSE
      Alt-Svc:
      - hq=":443"; ma=2592000; quic=51303431; quic=51303339; quic=51303335,quic=":443";
        ma=2592000; v="41,39,35"
      Transfer-Encoding:
      - chunked
    body:
      encoding: UTF-8
      string: |
        {
         "id": "1YlewAN2FGmm22F3YR37tawOSKB2dQuFw",
         "name": "Test @ 2018-03-15 19:29:48 UTC",
         "mimeType": "application/vnd.google-apps.folder",
         "trashed": false,
         "parents": [
          "0AEIi2L68pCuiUk9PVA"
         ]
        }
    http_version: 
  recorded_at: Thu, 15 Mar 2018 19:29:49 GMT
- request:
    method: post
    uri: https://www.googleapis.com/drive/v3/files?fields=id,name,mimeType,parents,trashed
    body:
      encoding: UTF-8
      string: '{"mimeType":"application/vnd.google-apps.document","name":"sit.json","parents":["1YlewAN2FGmm22F3YR37tawOSKB2dQuFw"]}'
    headers:
      User-Agent:
      - "<USER AGENT>"
      Accept:
      - "*/*"
      Accept-Encoding:
      - gzip,deflate
      Date:
      - Thu, 15 Mar 2018 19:29:49 GMT
      Content-Type:
      - application/json
      Authorization:
      - Bearer <ACCESS TOKEN FOR USER ACCOUNT>
  response:
    status:
      code: 200
      message: OK
    headers:
      Cache-Control:
      - no-cache, no-store, max-age=0, must-revalidate
      Pragma:
      - no-cache
      Expires:
      - Mon, 01 Jan 1990 00:00:00 GMT
      Date:
      - Thu, 15 Mar 2018 19:29:51 GMT
      Vary:
      - Origin
      - X-Origin
      Content-Type:
      - application/json; charset=UTF-8
      Content-Encoding:
      - gzip
      X-Content-Type-Options:
      - nosniff
      X-Frame-Options:
      - SAMEORIGIN
      X-Xss-Protection:
      - 1; mode=block
      Server:
      - GSE
      Alt-Svc:
      - hq=":443"; ma=2592000; quic=51303431; quic=51303339; quic=51303335,quic=":443";
        ma=2592000; v="41,39,35"
      Transfer-Encoding:
      - chunked
    body:
      encoding: UTF-8
      string: |
        {
         "id": "1vp4N-5U3O_sUpuegAsv7fCIEvSfOw0_De59W3DAPTy0",
         "name": "sit.json",
         "mimeType": "application/vnd.google-apps.document",
         "trashed": false,
         "parents": [
          "1YlewAN2FGmm22F3YR37tawOSKB2dQuFw"
         ]
        }
    http_version: 
  recorded_at: Thu, 15 Mar 2018 19:29:52 GMT
- request:
    method: post
    uri: https://www.googleapis.com/drive/v3/files?fields=id,name,mimeType,parents,trashed
    body:
      encoding: UTF-8
      string: '{"mimeType":"application/vnd.google-apps.document","name":"voluptatem.jpg","parents":["1YlewAN2FGmm22F3YR37tawOSKB2dQuFw"]}'
    headers:
      User-Agent:
      - "<USER AGENT>"
      Accept:
      - "*/*"
      Accept-Encoding:
      - gzip,deflate
      Date:
      - Thu, 15 Mar 2018 19:29:52 GMT
      Content-Type:
      - application/json
      Authorization:
      - Bearer <ACCESS TOKEN FOR USER ACCOUNT>
  response:
    status:
      code: 200
      message: OK
    headers:
      Cache-Control:
      - no-cache, no-store, max-age=0, must-revalidate
      Pragma:
      - no-cache
      Expires:
      - Mon, 01 Jan 1990 00:00:00 GMT
      Date:
      - Thu, 15 Mar 2018 19:29:53 GMT
      Vary:
      - Origin
      - X-Origin
      Content-Type:
      - application/json; charset=UTF-8
      Content-Encoding:
      - gzip
      X-Content-Type-Options:
      - nosniff
      X-Frame-Options:
      - SAMEORIGIN
      X-Xss-Protection:
      - 1; mode=block
      Server:
      - GSE
      Alt-Svc:
      - hq=":443"; ma=2592000; quic=51303431; quic=51303339; quic=51303335,quic=":443";
        ma=2592000; v="41,39,35"
      Transfer-Encoding:
      - chunked
    body:
      encoding: UTF-8
      string: |
        {
         "id": "1-9yhsU2P2ghzcvnpGOthJsGuQvmYbUVnoN6fv8KxrUE",
         "name": "voluptatem.jpg",
         "mimeType": "application/vnd.google-apps.document",
         "trashed": false,
         "parents": [
          "1YlewAN2FGmm22F3YR37tawOSKB2dQuFw"
         ]
        }
    http_version: 
  recorded_at: Thu, 15 Mar 2018 19:29:53 GMT
- request:
    method: post
    uri: https://www.googleapis.com/drive/v3/files?fields=id,name,mimeType,parents,trashed
    body:
      encoding: UTF-8
      string: '{"mimeType":"application/vnd.google-apps.document","name":"eius.docx","parents":["1YlewAN2FGmm22F3YR37tawOSKB2dQuFw"]}'
    headers:
      User-Agent:
      - "<USER AGENT>"
      Accept:
      - "*/*"
      Accept-Encoding:
      - gzip,deflate
      Date:
      - Thu, 15 Mar 2018 19:29:53 GMT
      Content-Type:
      - application/json
      Authorization:
      - Bearer <ACCESS TOKEN FOR USER ACCOUNT>
  response:
    status:
      code: 200
      message: OK
    headers:
      Cache-Control:
      - no-cache, no-store, max-age=0, must-revalidate
      Pragma:
      - no-cache
      Expires:
      - Mon, 01 Jan 1990 00:00:00 GMT
      Date:
      - Thu, 15 Mar 2018 19:29:54 GMT
      Vary:
      - Origin
      - X-Origin
      Content-Type:
      - application/json; charset=UTF-8
      Content-Encoding:
      - gzip
      X-Content-Type-Options:
      - nosniff
      X-Frame-Options:
      - SAMEORIGIN
      X-Xss-Protection:
      - 1; mode=block
      Server:
      - GSE
      Alt-Svc:
      - hq=":443"; ma=2592000; quic=51303431; quic=51303339; quic=51303335,quic=":443";
        ma=2592000; v="41,39,35"
      Transfer-Encoding:
      - chunked
    body:
      encoding: UTF-8
      string: |
        {
         "id": "1TJxsZmkNAhBWsSQPk9IWST_WHUBe9g6DbvDs1q-grr8",
         "name": "eius.docx",
         "mimeType": "application/vnd.google-apps.document",
         "trashed": false,
         "parents": [
          "1YlewAN2FGmm22F3YR37tawOSKB2dQuFw"
         ]
        }
    http_version: 
  recorded_at: Thu, 15 Mar 2018 19:29:54 GMT
- request:
    method: post
    uri: https://www.googleapis.com/drive/v3/files/1YlewAN2FGmm22F3YR37tawOSKB2dQuFw/permissions?sendNotificationEmail=false
    body:
      encoding: UTF-8
      string: '{"emailAddress":"<EMAIL ADDRESS FOR TRACKING ACCOUNT>","role":"reader","type":"user"}'
    headers:
      User-Agent:
      - "<USER AGENT>"
      Accept:
      - "*/*"
      Accept-Encoding:
      - gzip,deflate
      Date:
      - Thu, 15 Mar 2018 19:29:54 GMT
      Content-Type:
      - application/json
      Authorization:
      - Bearer <ACCESS TOKEN FOR USER ACCOUNT>
  response:
    status:
      code: 200
      message: OK
    headers:
      Cache-Control:
      - no-cache, no-store, max-age=0, must-revalidate
      Pragma:
      - no-cache
      Expires:
      - Mon, 01 Jan 1990 00:00:00 GMT
      Date:
      - Thu, 15 Mar 2018 19:29:55 GMT
      Vary:
      - Origin
      - X-Origin
      Content-Type:
      - application/json; charset=UTF-8
      Content-Encoding:
      - gzip
      X-Content-Type-Options:
      - nosniff
      X-Frame-Options:
      - SAMEORIGIN
      X-Xss-Protection:
      - 1; mode=block
      Server:
      - GSE
      Alt-Svc:
      - hq=":443"; ma=2592000; quic=51303431; quic=51303339; quic=51303335,quic=":443";
        ma=2592000; v="41,39,35"
      Transfer-Encoding:
      - chunked
    body:
      encoding: UTF-8
      string: |
        {
         "kind": "drive#permission",
         "id": "11673017242486491425",
         "type": "user",
         "role": "reader"
        }
    http_version: 
  recorded_at: Thu, 15 Mar 2018 19:29:55 GMT
- request:
    method: get
    uri: https://www.googleapis.com/drive/v3/files/1YlewAN2FGmm22F3YR37tawOSKB2dQuFw?fields=id,name,mimeType,parents,trashed
    body:
      encoding: UTF-8
      string: ''
    headers:
      User-Agent:
      - "<USER AGENT>"
      Accept:
      - "*/*"
      Accept-Encoding:
      - gzip,deflate
      Date:
      - Thu, 15 Mar 2018 19:30:01 GMT
      Authorization:
      - Bearer <ACCESS TOKEN FOR TRACKING ACCOUNT>
      Content-Type:
      - application/x-www-form-urlencoded
  response:
    status:
      code: 200
      message: OK
    headers:
      Expires:
      - Thu, 15 Mar 2018 19:30:01 GMT
      Date:
      - Thu, 15 Mar 2018 19:30:01 GMT
      Cache-Control:
      - private, max-age=0, must-revalidate, no-transform
      Vary:
      - Origin
      - X-Origin
      Content-Type:
      - application/json; charset=UTF-8
      Content-Encoding:
      - gzip
      X-Content-Type-Options:
      - nosniff
      X-Frame-Options:
      - SAMEORIGIN
      X-Xss-Protection:
      - 1; mode=block
      Server:
      - GSE
      Alt-Svc:
      - hq=":443"; ma=2592000; quic=51303431; quic=51303339; quic=51303335,quic=":443";
        ma=2592000; v="41,39,35"
      Transfer-Encoding:
      - chunked
    body:
      encoding: UTF-8
      string: |
        {
         "id": "1YlewAN2FGmm22F3YR37tawOSKB2dQuFw",
         "name": "Test @ 2018-03-15 19:29:48 UTC",
         "mimeType": "application/vnd.google-apps.folder",
         "trashed": false
        }
    http_version: 
  recorded_at: Thu, 15 Mar 2018 19:30:01 GMT
- request:
    method: get
    uri: https://www.googleapis.com/drive/v3/files/1YlewAN2FGmm22F3YR37tawOSKB2dQuFw/revisions/head
    body:
      encoding: UTF-8
      string: ''
    headers:
      User-Agent:
      - "<USER AGENT>"
      Accept:
      - "*/*"
      Accept-Encoding:
      - gzip,deflate
      Date:
      - Thu, 15 Mar 2018 19:30:01 GMT
      Authorization:
      - Bearer <ACCESS TOKEN FOR TRACKING ACCOUNT>
      Content-Type:
      - application/x-www-form-urlencoded
  response:
    status:
      code: 403
      message: Forbidden
    headers:
      Vary:
      - Origin
      - X-Origin
      Content-Type:
      - application/json; charset=UTF-8
      Content-Encoding:
      - gzip
      Date:
      - Thu, 15 Mar 2018 19:30:01 GMT
      Expires:
      - Thu, 15 Mar 2018 19:30:01 GMT
      Cache-Control:
      - private, max-age=0
      X-Content-Type-Options:
      - nosniff
      X-Frame-Options:
      - SAMEORIGIN
      X-Xss-Protection:
      - 1; mode=block
      Server:
      - GSE
      Alt-Svc:
      - hq=":443"; ma=2592000; quic=51303431; quic=51303339; quic=51303335,quic=":443";
        ma=2592000; v="41,39,35"
      Transfer-Encoding:
      - chunked
    body:
      encoding: UTF-8
      string: |
        {
         "error": {
          "errors": [
           {
            "domain": "global",
            "reason": "revisionsNotSupported",
            "message": "The file does not support revisions."
           }
          ],
          "code": 403,
          "message": "The file does not support revisions."
         }
        }
    http_version: 
  recorded_at: Thu, 15 Mar 2018 19:30:01 GMT
- request:
    method: get
    uri: https://www.googleapis.com/drive/v3/files?fields=files/id,files/name,files/mimeType,files/parents,files/trashed&q=%271YlewAN2FGmm22F3YR37tawOSKB2dQuFw%27%20in%20parents
    body:
      encoding: UTF-8
      string: ''
    headers:
      User-Agent:
      - "<USER AGENT>"
      Accept:
      - "*/*"
      Accept-Encoding:
      - gzip,deflate
      Date:
      - Thu, 15 Mar 2018 19:30:01 GMT
      Authorization:
      - Bearer <ACCESS TOKEN FOR TRACKING ACCOUNT>
      Content-Type:
      - application/x-www-form-urlencoded
  response:
    status:
      code: 200
      message: OK
    headers:
      Expires:
      - Thu, 15 Mar 2018 19:30:02 GMT
      Date:
      - Thu, 15 Mar 2018 19:30:02 GMT
      Cache-Control:
      - private, max-age=0, must-revalidate, no-transform
      Vary:
      - Origin
      - X-Origin
      Content-Type:
      - application/json; charset=UTF-8
      Content-Encoding:
      - gzip
      X-Content-Type-Options:
      - nosniff
      X-Frame-Options:
      - SAMEORIGIN
      X-Xss-Protection:
      - 1; mode=block
      Server:
      - GSE
      Alt-Svc:
      - hq=":443"; ma=2592000; quic=51303431; quic=51303339; quic=51303335,quic=":443";
        ma=2592000; v="41,39,35"
      Transfer-Encoding:
      - chunked
    body:
      encoding: UTF-8
      string: |
        {
         "files": [
          {
           "id": "1TJxsZmkNAhBWsSQPk9IWST_WHUBe9g6DbvDs1q-grr8",
           "name": "eius.docx",
           "mimeType": "application/vnd.google-apps.document",
           "trashed": false,
           "parents": [
            "1YlewAN2FGmm22F3YR37tawOSKB2dQuFw"
           ]
          },
          {
           "id": "1-9yhsU2P2ghzcvnpGOthJsGuQvmYbUVnoN6fv8KxrUE",
           "name": "voluptatem.jpg",
           "mimeType": "application/vnd.google-apps.document",
           "trashed": false,
           "parents": [
            "1YlewAN2FGmm22F3YR37tawOSKB2dQuFw"
           ]
          },
          {
           "id": "1vp4N-5U3O_sUpuegAsv7fCIEvSfOw0_De59W3DAPTy0",
           "name": "sit.json",
           "mimeType": "application/vnd.google-apps.document",
           "trashed": false,
           "parents": [
            "1YlewAN2FGmm22F3YR37tawOSKB2dQuFw"
           ]
          }
         ]
        }
    http_version: 
  recorded_at: Thu, 15 Mar 2018 19:30:02 GMT
- request:
    method: get
    uri: https://www.googleapis.com/drive/v3/files/1TJxsZmkNAhBWsSQPk9IWST_WHUBe9g6DbvDs1q-grr8/revisions/head
    body:
      encoding: UTF-8
      string: ''
    headers:
      User-Agent:
      - "<USER AGENT>"
      Accept:
      - "*/*"
      Accept-Encoding:
      - gzip,deflate
      Date:
      - Thu, 15 Mar 2018 19:30:02 GMT
      Authorization:
      - Bearer <ACCESS TOKEN FOR TRACKING ACCOUNT>
      Content-Type:
      - application/x-www-form-urlencoded
  response:
    status:
      code: 403
      message: Forbidden
    headers:
      Vary:
      - Origin
      - X-Origin
      Content-Type:
      - application/json; charset=UTF-8
      Content-Encoding:
      - gzip
      Date:
      - Thu, 15 Mar 2018 19:30:02 GMT
      Expires:
      - Thu, 15 Mar 2018 19:30:02 GMT
      Cache-Control:
      - private, max-age=0
      X-Content-Type-Options:
      - nosniff
      X-Frame-Options:
      - SAMEORIGIN
      X-Xss-Protection:
      - 1; mode=block
      Server:
      - GSE
      Alt-Svc:
      - hq=":443"; ma=2592000; quic=51303431; quic=51303339; quic=51303335,quic=":443";
        ma=2592000; v="41,39,35"
      Transfer-Encoding:
      - chunked
    body:
      encoding: UTF-8
      string: |
        {
         "error": {
          "errors": [
           {
            "domain": "global",
            "reason": "insufficientFilePermissions",
            "message": "The user does not have sufficient permissions for file 1TJxsZmkNAhBWsSQPk9IWST_WHUBe9g6DbvDs1q-grr8.",
            "locationType": "header",
            "location": "Authorization"
           }
          ],
          "code": 403,
          "message": "The user does not have sufficient permissions for file 1TJxsZmkNAhBWsSQPk9IWST_WHUBe9g6DbvDs1q-grr8."
         }
        }
    http_version: 
  recorded_at: Thu, 15 Mar 2018 19:30:02 GMT
- request:
    method: get
    uri: https://www.googleapis.com/drive/v3/files/1-9yhsU2P2ghzcvnpGOthJsGuQvmYbUVnoN6fv8KxrUE/revisions/head
    body:
      encoding: UTF-8
      string: ''
    headers:
      User-Agent:
      - "<USER AGENT>"
      Accept:
      - "*/*"
      Accept-Encoding:
      - gzip,deflate
      Date:
      - Thu, 15 Mar 2018 19:30:02 GMT
      Authorization:
      - Bearer <ACCESS TOKEN FOR TRACKING ACCOUNT>
      Content-Type:
      - application/x-www-form-urlencoded
  response:
    status:
      code: 403
      message: Forbidden
    headers:
      Vary:
      - Origin
      - X-Origin
      Content-Type:
      - application/json; charset=UTF-8
      Content-Encoding:
      - gzip
      Date:
      - Thu, 15 Mar 2018 19:30:02 GMT
      Expires:
      - Thu, 15 Mar 2018 19:30:02 GMT
      Cache-Control:
      - private, max-age=0
      X-Content-Type-Options:
      - nosniff
      X-Frame-Options:
      - SAMEORIGIN
      X-Xss-Protection:
      - 1; mode=block
      Server:
      - GSE
      Alt-Svc:
      - hq=":443"; ma=2592000; quic=51303431; quic=51303339; quic=51303335,quic=":443";
        ma=2592000; v="41,39,35"
      Transfer-Encoding:
      - chunked
    body:
      encoding: UTF-8
      string: |
        {
         "error": {
          "errors": [
           {
            "domain": "global",
            "reason": "insufficientFilePermissions",
            "message": "The user does not have sufficient permissions for file 1-9yhsU2P2ghzcvnpGOthJsGuQvmYbUVnoN6fv8KxrUE.",
            "locationType": "header",
            "location": "Authorization"
           }
          ],
          "code": 403,
          "message": "The user does not have sufficient permissions for file 1-9yhsU2P2ghzcvnpGOthJsGuQvmYbUVnoN6fv8KxrUE."
         }
        }
    http_version: 
  recorded_at: Thu, 15 Mar 2018 19:30:02 GMT
- request:
    method: get
    uri: https://www.googleapis.com/drive/v3/files/1vp4N-5U3O_sUpuegAsv7fCIEvSfOw0_De59W3DAPTy0/revisions/head
    body:
      encoding: UTF-8
      string: ''
    headers:
      User-Agent:
      - "<USER AGENT>"
      Accept:
      - "*/*"
      Accept-Encoding:
      - gzip,deflate
      Date:
      - Thu, 15 Mar 2018 19:30:02 GMT
      Authorization:
      - Bearer <ACCESS TOKEN FOR TRACKING ACCOUNT>
      Content-Type:
      - application/x-www-form-urlencoded
  response:
    status:
      code: 403
      message: Forbidden
    headers:
      Vary:
      - Origin
      - X-Origin
      Content-Type:
      - application/json; charset=UTF-8
      Content-Encoding:
      - gzip
      Date:
      - Thu, 15 Mar 2018 19:30:03 GMT
      Expires:
      - Thu, 15 Mar 2018 19:30:03 GMT
      Cache-Control:
      - private, max-age=0
      X-Content-Type-Options:
      - nosniff
      X-Frame-Options:
      - SAMEORIGIN
      X-Xss-Protection:
      - 1; mode=block
      Server:
      - GSE
      Alt-Svc:
      - hq=":443"; ma=2592000; quic=51303431; quic=51303339; quic=51303335,quic=":443";
        ma=2592000; v="41,39,35"
      Transfer-Encoding:
      - chunked
    body:
      encoding: UTF-8
      string: |
        {
         "error": {
          "errors": [
           {
            "domain": "global",
            "reason": "insufficientFilePermissions",
            "message": "The user does not have sufficient permissions for file 1vp4N-5U3O_sUpuegAsv7fCIEvSfOw0_De59W3DAPTy0.",
            "locationType": "header",
            "location": "Authorization"
           }
          ],
          "code": 403,
          "message": "The user does not have sufficient permissions for file 1vp4N-5U3O_sUpuegAsv7fCIEvSfOw0_De59W3DAPTy0."
         }
        }
    http_version: 
  recorded_at: Thu, 15 Mar 2018 19:30:03 GMT
- request:
    method: delete
    uri: https://www.googleapis.com/drive/v3/files/1YlewAN2FGmm22F3YR37tawOSKB2dQuFw
    body:
      encoding: UTF-8
      string: ''
    headers:
      User-Agent:
      - "<USER AGENT>"
      Accept:
      - "*/*"
      Accept-Encoding:
      - gzip,deflate
      Date:
      - Thu, 15 Mar 2018 19:30:03 GMT
      Authorization:
      - Bearer <ACCESS TOKEN FOR USER ACCOUNT>
      Content-Type:
      - application/x-www-form-urlencoded
  response:
    status:
      code: 204
      message: No Content
    headers:
      Cache-Control:
      - no-cache, no-store, max-age=0, must-revalidate
      Pragma:
      - no-cache
      Expires:
      - Mon, 01 Jan 1990 00:00:00 GMT
      Date:
      - Thu, 15 Mar 2018 19:30:03 GMT
      Vary:
      - Origin
      - X-Origin
      Server:
      - GSE
      Alt-Svc:
      - hq=":443"; ma=2592000; quic=51303431; quic=51303339; quic=51303335,quic=":443";
        ma=2592000; v="41,39,35"
    body:
      encoding: UTF-8
      string: ''
    http_version: 
  recorded_at: Thu, 15 Mar 2018 19:30:03 GMT
recorded_with: VCR 4.0.0
