---
http_interactions:
- request:
    method: post
    uri: https://oauth2.googleapis.com/token
    body:
      encoding: ASCII-8BIT
      string: grant_type=refresh_token&refresh_token=<REFRESH TOKEN FOR TRACKING ACCOUNT>&client_id=<CLIENT
        ID>&client_secret=<CLIENT SECRET>
    headers:
      User-Agent:
      - Faraday v0.15.3
      Content-Type:
      - application/x-www-form-urlencoded
      Accept-Encoding:
      - gzip;q=1.0,deflate;q=0.6,identity;q=0.3
      Accept:
      - "*/*"
  response:
    status:
      code: 200
      message: OK
    headers:
      Content-Type:
      - application/json; charset=utf-8
      Vary:
      - Origin
      - Referer
      - X-Origin
      Date:
      - Wed, 31 Oct 2018 00:41:27 GMT
      Server:
      - ESF
      Cache-Control:
      - private
      X-Xss-Protection:
      - 1; mode=block
      X-Frame-Options:
      - SAMEORIGIN
      X-Content-Type-Options:
      - nosniff
      Alt-Svc:
      - quic=":443"; ma=2592000; v="44,43,39,35"
      Transfer-Encoding:
      - chunked
    body:
      encoding: ASCII-8BIT
      string: |-
        {
          "access_token": "<ACCESS TOKEN FOR TRACKING ACCOUNT>",
          "expires_in": 3600,
          "scope": "https://www.googleapis.com/auth/drive",
          "token_type": "Bearer"
        }
    http_version: 
  recorded_at: Wed, 31 Oct 2018 00:41:27 GMT
- request:
    method: post
    uri: https://www.googleapis.com/drive/v3/files?fields=id,name,mimeType,parents,permissions,trashed,thumbnailLink,thumbnailVersion
    body:
      encoding: UTF-8
      string: '{"mimeType":"application/vnd.google-apps.folder","name":"Test @ 2018-10-31
        00:41:27 UTC","parents":["root"]}'
    headers:
      User-Agent:
      - "<USER AGENT>"
      Accept:
      - "*/*"
      Accept-Encoding:
      - gzip,deflate
      Date:
      - Wed, 31 Oct 2018 00:41:27 GMT
      Content-Type:
      - application/json
      Authorization:
      - Bearer <ACCESS TOKEN FOR TRACKING ACCOUNT>
  response:
    status:
      code: 200
      message: OK
    headers:
      Cache-Control:
      - no-cache, no-store, max-age=0, must-revalidate
      Pragma:
      - no-cache
      Expires:
      - Mon, 01 Jan 1990 00:00:00 GMT
      Date:
      - Wed, 31 Oct 2018 00:41:28 GMT
      Vary:
      - Origin
      - X-Origin
      Content-Type:
      - application/json; charset=UTF-8
      Content-Encoding:
      - gzip
      X-Content-Type-Options:
      - nosniff
      X-Frame-Options:
      - SAMEORIGIN
      X-Xss-Protection:
      - 1; mode=block
      Server:
      - GSE
      Alt-Svc:
      - quic=":443"; ma=2592000; v="44,43,39,35"
      Transfer-Encoding:
      - chunked
    body:
      encoding: UTF-8
      string: |
        {
         "id": "1nu2ZlPmTndhC_wnBXhJYlbBbdlowCBUm",
         "name": "Test @ 2018-10-31 00:41:27 UTC",
         "mimeType": "application/vnd.google-apps.folder",
         "trashed": false,
         "parents": [
          "0AIeK5UAEPQfeUk9PVA"
         ],
         "thumbnailVersion": "0",
         "permissions": [
          {
           "kind": "drive#permission",
           "id": "11673017242486491425",
           "type": "user",
           "emailAddress": "<EMAIL ADDRESS FOR TRACKING ACCOUNT>",
           "role": "owner",
           "displayName": "Upshift One",
           "deleted": false
          }
         ]
        }
    http_version: 
  recorded_at: Wed, 31 Oct 2018 00:41:28 GMT
- request:
    method: post
    uri: https://www.googleapis.com/drive/v3/files?fields=id,name,mimeType,parents,permissions,trashed,thumbnailLink,thumbnailVersion
    body:
      encoding: UTF-8
      string: '{"mimeType":"application/vnd.google-apps.folder","name":"Test File","parents":["1nu2ZlPmTndhC_wnBXhJYlbBbdlowCBUm"]}'
    headers:
      User-Agent:
      - "<USER AGENT>"
      Accept:
      - "*/*"
      Accept-Encoding:
      - gzip,deflate
      Date:
      - Wed, 31 Oct 2018 00:41:29 GMT
      Content-Type:
      - application/json
      Authorization:
      - Bearer <ACCESS TOKEN FOR TRACKING ACCOUNT>
  response:
    status:
      code: 200
      message: OK
    headers:
      Cache-Control:
      - no-cache, no-store, max-age=0, must-revalidate
      Pragma:
      - no-cache
      Expires:
      - Mon, 01 Jan 1990 00:00:00 GMT
      Date:
      - Wed, 31 Oct 2018 00:41:29 GMT
      Vary:
      - Origin
      - X-Origin
      Content-Type:
      - application/json; charset=UTF-8
      Content-Encoding:
      - gzip
      X-Content-Type-Options:
      - nosniff
      X-Frame-Options:
      - SAMEORIGIN
      X-Xss-Protection:
      - 1; mode=block
      Server:
      - GSE
      Alt-Svc:
      - quic=":443"; ma=2592000; v="44,43,39,35"
      Transfer-Encoding:
      - chunked
    body:
      encoding: UTF-8
      string: |
        {
         "id": "1gAsyKHsO8-DY6tMi7AWyW81IKcGqCB3t",
         "name": "Test File",
         "mimeType": "application/vnd.google-apps.folder",
         "trashed": false,
         "parents": [
          "1nu2ZlPmTndhC_wnBXhJYlbBbdlowCBUm"
         ],
         "thumbnailVersion": "0",
         "permissions": [
          {
           "kind": "drive#permission",
           "id": "11673017242486491425",
           "type": "user",
           "emailAddress": "<EMAIL ADDRESS FOR TRACKING ACCOUNT>",
           "role": "owner",
           "displayName": "Upshift One",
           "deleted": false
          }
         ]
        }
    http_version: 
  recorded_at: Wed, 31 Oct 2018 00:41:29 GMT
- request:
    method: post
    uri: https://www.googleapis.com/drive/v3/files?fields=id,name,mimeType,parents,permissions,trashed,thumbnailLink,thumbnailVersion
    body:
      encoding: UTF-8
      string: '{"mimeType":"application/vnd.google-apps.folder","name":"sub1","parents":["1gAsyKHsO8-DY6tMi7AWyW81IKcGqCB3t"]}'
    headers:
      User-Agent:
      - "<USER AGENT>"
      Accept:
      - "*/*"
      Accept-Encoding:
      - gzip,deflate
      Date:
      - Wed, 31 Oct 2018 00:41:29 GMT
      Content-Type:
      - application/json
      Authorization:
      - Bearer <ACCESS TOKEN FOR TRACKING ACCOUNT>
  response:
    status:
      code: 200
      message: OK
    headers:
      Cache-Control:
      - no-cache, no-store, max-age=0, must-revalidate
      Pragma:
      - no-cache
      Expires:
      - Mon, 01 Jan 1990 00:00:00 GMT
      Date:
      - Wed, 31 Oct 2018 00:41:30 GMT
      Vary:
      - Origin
      - X-Origin
      Content-Type:
      - application/json; charset=UTF-8
      Content-Encoding:
      - gzip
      X-Content-Type-Options:
      - nosniff
      X-Frame-Options:
      - SAMEORIGIN
      X-Xss-Protection:
      - 1; mode=block
      Server:
      - GSE
      Alt-Svc:
      - quic=":443"; ma=2592000; v="44,43,39,35"
      Transfer-Encoding:
      - chunked
    body:
      encoding: UTF-8
      string: |
        {
         "id": "1xbmDOqBXxjJ-aCD7uXylVSZxCnGyGIt9",
         "name": "sub1",
         "mimeType": "application/vnd.google-apps.folder",
         "trashed": false,
         "parents": [
          "1gAsyKHsO8-DY6tMi7AWyW81IKcGqCB3t"
         ],
         "thumbnailVersion": "0",
         "permissions": [
          {
           "kind": "drive#permission",
           "id": "11673017242486491425",
           "type": "user",
           "emailAddress": "<EMAIL ADDRESS FOR TRACKING ACCOUNT>",
           "role": "owner",
           "displayName": "Upshift One",
           "deleted": false
          }
         ]
        }
    http_version: 
  recorded_at: Wed, 31 Oct 2018 00:41:30 GMT
- request:
    method: post
    uri: https://www.googleapis.com/drive/v3/files?fields=id,name,mimeType,parents,permissions,trashed,thumbnailLink,thumbnailVersion
    body:
      encoding: UTF-8
      string: '{"mimeType":"application/vnd.google-apps.folder","name":"sub2","parents":["1gAsyKHsO8-DY6tMi7AWyW81IKcGqCB3t"]}'
    headers:
      User-Agent:
      - "<USER AGENT>"
      Accept:
      - "*/*"
      Accept-Encoding:
      - gzip,deflate
      Date:
      - Wed, 31 Oct 2018 00:41:30 GMT
      Content-Type:
      - application/json
      Authorization:
      - Bearer <ACCESS TOKEN FOR TRACKING ACCOUNT>
  response:
    status:
      code: 200
      message: OK
    headers:
      Cache-Control:
      - no-cache, no-store, max-age=0, must-revalidate
      Pragma:
      - no-cache
      Expires:
      - Mon, 01 Jan 1990 00:00:00 GMT
      Date:
      - Wed, 31 Oct 2018 00:41:31 GMT
      Vary:
      - Origin
      - X-Origin
      Content-Type:
      - application/json; charset=UTF-8
      Content-Encoding:
      - gzip
      X-Content-Type-Options:
      - nosniff
      X-Frame-Options:
      - SAMEORIGIN
      X-Xss-Protection:
      - 1; mode=block
      Server:
      - GSE
      Alt-Svc:
      - quic=":443"; ma=2592000; v="44,43,39,35"
      Transfer-Encoding:
      - chunked
    body:
      encoding: UTF-8
      string: |
        {
         "id": "1ayJfTh69WKyh-2JSGsecfWxyHJUNHFCY",
         "name": "sub2",
         "mimeType": "application/vnd.google-apps.folder",
         "trashed": false,
         "parents": [
          "1gAsyKHsO8-DY6tMi7AWyW81IKcGqCB3t"
         ],
         "thumbnailVersion": "0",
         "permissions": [
          {
           "kind": "drive#permission",
           "id": "11673017242486491425",
           "type": "user",
           "emailAddress": "<EMAIL ADDRESS FOR TRACKING ACCOUNT>",
           "role": "owner",
           "displayName": "Upshift One",
           "deleted": false
          }
         ]
        }
    http_version: 
  recorded_at: Wed, 31 Oct 2018 00:41:31 GMT
- request:
    method: get
    uri: https://www.googleapis.com/drive/v3/files/1gAsyKHsO8-DY6tMi7AWyW81IKcGqCB3t?fields=id,name,mimeType,parents,permissions,trashed,thumbnailLink,thumbnailVersion
    body:
      encoding: UTF-8
      string: ''
    headers:
      User-Agent:
      - "<USER AGENT>"
      Accept:
      - "*/*"
      Accept-Encoding:
      - gzip,deflate
      Date:
      - Wed, 31 Oct 2018 00:41:31 GMT
      Authorization:
      - Bearer <ACCESS TOKEN FOR TRACKING ACCOUNT>
      Content-Type:
      - application/x-www-form-urlencoded
  response:
    status:
      code: 200
      message: OK
    headers:
      Expires:
      - Wed, 31 Oct 2018 00:41:31 GMT
      Date:
      - Wed, 31 Oct 2018 00:41:31 GMT
      Cache-Control:
      - private, max-age=0, must-revalidate, no-transform
      Vary:
      - Origin
      - X-Origin
      Content-Type:
      - application/json; charset=UTF-8
      Content-Encoding:
      - gzip
      X-Content-Type-Options:
      - nosniff
      X-Frame-Options:
      - SAMEORIGIN
      X-Xss-Protection:
      - 1; mode=block
      Server:
      - GSE
      Alt-Svc:
      - quic=":443"; ma=2592000; v="44,43,39,35"
      Transfer-Encoding:
      - chunked
    body:
      encoding: UTF-8
      string: |
        {
         "id": "1gAsyKHsO8-DY6tMi7AWyW81IKcGqCB3t",
         "name": "Test File",
         "mimeType": "application/vnd.google-apps.folder",
         "trashed": false,
         "parents": [
          "1nu2ZlPmTndhC_wnBXhJYlbBbdlowCBUm"
         ],
         "thumbnailVersion": "0",
         "permissions": [
          {
           "kind": "drive#permission",
           "id": "11673017242486491425",
           "type": "user",
           "emailAddress": "<EMAIL ADDRESS FOR TRACKING ACCOUNT>",
           "role": "owner",
           "displayName": "Upshift One",
           "deleted": false
          }
         ]
        }
    http_version: 
  recorded_at: Wed, 31 Oct 2018 00:41:31 GMT
- request:
    method: get
    uri: https://www.googleapis.com/drive/v3/files/1gAsyKHsO8-DY6tMi7AWyW81IKcGqCB3t/revisions/head
    body:
      encoding: UTF-8
      string: ''
    headers:
      User-Agent:
      - "<USER AGENT>"
      Accept:
      - "*/*"
      Accept-Encoding:
      - gzip,deflate
      Date:
      - Wed, 31 Oct 2018 00:41:31 GMT
      Authorization:
      - Bearer <ACCESS TOKEN FOR TRACKING ACCOUNT>
      Content-Type:
      - application/x-www-form-urlencoded
  response:
    status:
      code: 403
      message: Forbidden
    headers:
      Vary:
      - Origin
      - X-Origin
      Content-Type:
      - application/json; charset=UTF-8
      Content-Encoding:
      - gzip
      Date:
      - Wed, 31 Oct 2018 00:41:32 GMT
      Expires:
      - Wed, 31 Oct 2018 00:41:32 GMT
      Cache-Control:
      - private, max-age=0
      X-Content-Type-Options:
      - nosniff
      X-Frame-Options:
      - SAMEORIGIN
      X-Xss-Protection:
      - 1; mode=block
      Server:
      - GSE
      Alt-Svc:
      - quic=":443"; ma=2592000; v="44,43,39,35"
      Transfer-Encoding:
      - chunked
    body:
      encoding: UTF-8
      string: |
        {
         "error": {
          "errors": [
           {
            "domain": "global",
            "reason": "revisionsNotSupported",
            "message": "The file does not support revisions."
           }
          ],
          "code": 403,
          "message": "The file does not support revisions."
         }
        }
    http_version: 
  recorded_at: Wed, 31 Oct 2018 00:41:32 GMT
- request:
    method: get
    uri: https://www.googleapis.com/drive/v3/files?fields=files/id,files/name,files/mimeType,files/parents,files/permissions,files/trashed,files/thumbnailLink,files/thumbnailVersion&q=%271gAsyKHsO8-DY6tMi7AWyW81IKcGqCB3t%27%20in%20parents
    body:
      encoding: UTF-8
      string: ''
    headers:
      User-Agent:
      - "<USER AGENT>"
      Accept:
      - "*/*"
      Accept-Encoding:
      - gzip,deflate
      Date:
      - Wed, 31 Oct 2018 00:41:32 GMT
      Authorization:
      - Bearer <ACCESS TOKEN FOR TRACKING ACCOUNT>
      Content-Type:
      - application/x-www-form-urlencoded
  response:
    status:
      code: 200
      message: OK
    headers:
      Expires:
      - Wed, 31 Oct 2018 00:41:32 GMT
      Date:
      - Wed, 31 Oct 2018 00:41:32 GMT
      Cache-Control:
      - private, max-age=0, must-revalidate, no-transform
      Vary:
      - Origin
      - X-Origin
      Content-Type:
      - application/json; charset=UTF-8
      Content-Encoding:
      - gzip
      X-Content-Type-Options:
      - nosniff
      X-Frame-Options:
      - SAMEORIGIN
      X-Xss-Protection:
      - 1; mode=block
      Server:
      - GSE
      Alt-Svc:
      - quic=":443"; ma=2592000; v="44,43,39,35"
      Transfer-Encoding:
      - chunked
    body:
      encoding: UTF-8
      string: |
        {
         "files": [
          {
           "id": "1ayJfTh69WKyh-2JSGsecfWxyHJUNHFCY",
           "name": "sub2",
           "mimeType": "application/vnd.google-apps.folder",
           "trashed": false,
           "parents": [
            "1gAsyKHsO8-DY6tMi7AWyW81IKcGqCB3t"
           ],
           "thumbnailVersion": "0",
           "permissions": [
            {
             "kind": "drive#permission",
             "id": "11673017242486491425",
             "type": "user",
             "emailAddress": "<EMAIL ADDRESS FOR TRACKING ACCOUNT>",
             "role": "owner",
             "displayName": "Upshift One",
             "deleted": false
            }
           ]
          },
          {
           "id": "1xbmDOqBXxjJ-aCD7uXylVSZxCnGyGIt9",
           "name": "sub1",
           "mimeType": "application/vnd.google-apps.folder",
           "trashed": false,
           "parents": [
            "1gAsyKHsO8-DY6tMi7AWyW81IKcGqCB3t"
           ],
           "thumbnailVersion": "0",
           "permissions": [
            {
             "kind": "drive#permission",
             "id": "11673017242486491425",
             "type": "user",
             "emailAddress": "<EMAIL ADDRESS FOR TRACKING ACCOUNT>",
             "role": "owner",
             "displayName": "Upshift One",
             "deleted": false
            }
           ]
          }
         ]
        }
    http_version: 
  recorded_at: Wed, 31 Oct 2018 00:41:32 GMT
- request:
    method: get
    uri: https://www.googleapis.com/drive/v3/files/1ayJfTh69WKyh-2JSGsecfWxyHJUNHFCY/revisions/head
    body:
      encoding: UTF-8
      string: ''
    headers:
      User-Agent:
      - "<USER AGENT>"
      Accept:
      - "*/*"
      Accept-Encoding:
      - gzip,deflate
      Date:
      - Wed, 31 Oct 2018 00:41:32 GMT
      Authorization:
      - Bearer <ACCESS TOKEN FOR TRACKING ACCOUNT>
      Content-Type:
      - application/x-www-form-urlencoded
  response:
    status:
      code: 403
      message: Forbidden
    headers:
      Vary:
      - Origin
      - X-Origin
      Content-Type:
      - application/json; charset=UTF-8
      Content-Encoding:
      - gzip
      Date:
      - Wed, 31 Oct 2018 00:41:32 GMT
      Expires:
      - Wed, 31 Oct 2018 00:41:32 GMT
      Cache-Control:
      - private, max-age=0
      X-Content-Type-Options:
      - nosniff
      X-Frame-Options:
      - SAMEORIGIN
      X-Xss-Protection:
      - 1; mode=block
      Server:
      - GSE
      Alt-Svc:
      - quic=":443"; ma=2592000; v="44,43,39,35"
      Transfer-Encoding:
      - chunked
    body:
      encoding: UTF-8
      string: |
        {
         "error": {
          "errors": [
           {
            "domain": "global",
            "reason": "revisionsNotSupported",
            "message": "The file does not support revisions."
           }
          ],
          "code": 403,
          "message": "The file does not support revisions."
         }
        }
    http_version: 
  recorded_at: Wed, 31 Oct 2018 00:41:32 GMT
- request:
    method: get
    uri: https://www.googleapis.com/drive/v3/files/1xbmDOqBXxjJ-aCD7uXylVSZxCnGyGIt9/revisions/head
    body:
      encoding: UTF-8
      string: ''
    headers:
      User-Agent:
      - "<USER AGENT>"
      Accept:
      - "*/*"
      Accept-Encoding:
      - gzip,deflate
      Date:
      - Wed, 31 Oct 2018 00:41:32 GMT
      Authorization:
      - Bearer <ACCESS TOKEN FOR TRACKING ACCOUNT>
      Content-Type:
      - application/x-www-form-urlencoded
  response:
    status:
      code: 403
      message: Forbidden
    headers:
      Vary:
      - Origin
      - X-Origin
      Content-Type:
      - application/json; charset=UTF-8
      Content-Encoding:
      - gzip
      Date:
      - Wed, 31 Oct 2018 00:41:32 GMT
      Expires:
      - Wed, 31 Oct 2018 00:41:32 GMT
      Cache-Control:
      - private, max-age=0
      X-Content-Type-Options:
      - nosniff
      X-Frame-Options:
      - SAMEORIGIN
      X-Xss-Protection:
      - 1; mode=block
      Server:
      - GSE
      Alt-Svc:
      - quic=":443"; ma=2592000; v="44,43,39,35"
      Transfer-Encoding:
      - chunked
    body:
      encoding: UTF-8
      string: |
        {
         "error": {
          "errors": [
           {
            "domain": "global",
            "reason": "revisionsNotSupported",
            "message": "The file does not support revisions."
           }
          ],
          "code": 403,
          "message": "The file does not support revisions."
         }
        }
    http_version: 
  recorded_at: Wed, 31 Oct 2018 00:41:32 GMT
- request:
    method: delete
    uri: https://www.googleapis.com/drive/v3/files/1nu2ZlPmTndhC_wnBXhJYlbBbdlowCBUm
    body:
      encoding: UTF-8
      string: ''
    headers:
      User-Agent:
      - "<USER AGENT>"
      Accept:
      - "*/*"
      Accept-Encoding:
      - gzip,deflate
      Date:
      - Wed, 31 Oct 2018 00:41:32 GMT
      Authorization:
      - Bearer <ACCESS TOKEN FOR TRACKING ACCOUNT>
      Content-Type:
      - application/x-www-form-urlencoded
  response:
    status:
      code: 204
      message: No Content
    headers:
      Cache-Control:
      - no-cache, no-store, max-age=0, must-revalidate
      Pragma:
      - no-cache
      Expires:
      - Mon, 01 Jan 1990 00:00:00 GMT
      Date:
      - Wed, 31 Oct 2018 00:41:33 GMT
      Vary:
      - Origin
      - X-Origin
      Server:
      - GSE
      Alt-Svc:
      - quic=":443"; ma=2592000; v="44,43,39,35"
    body:
      encoding: UTF-8
      string: ''
    http_version: 
  recorded_at: Wed, 31 Oct 2018 00:41:33 GMT
recorded_with: VCR 4.0.0
